Archive member included to satisfy reference by file (symbol)

/home/lotfikh/x_cube/Middlewares/ST/AI/Lib/GCC/STM32H7/NetworkRuntime1020_CM7_GCC.a(ai_platform.o)
                              network.o (ai_buffer_array_item_set_address)
/home/lotfikh/x_cube/Middlewares/ST/AI/Lib/GCC/STM32H7/NetworkRuntime1020_CM7_GCC.a(ai_platform_interface.o)
                              network.o (ai_platform_get_weights_map)
/home/lotfikh/x_cube/Middlewares/ST/AI/Lib/GCC/STM32H7/NetworkRuntime1020_CM7_GCC.a(core_common.o)
                              /home/lotfikh/x_cube/Middlewares/ST/AI/Lib/GCC/STM32H7/NetworkRuntime1020_CM7_GCC.a(ai_platform_interface.o) (core_init)
/home/lotfikh/x_cube/Middlewares/ST/AI/Lib/GCC/STM32H7/NetworkRuntime1020_CM7_GCC.a(core_mem_manager.o)
                              /home/lotfikh/x_cube/Middlewares/ST/AI/Lib/GCC/STM32H7/NetworkRuntime1020_CM7_GCC.a(ai_platform_interface.o) (core_mem_alloc)
/home/lotfikh/x_cube/Middlewares/ST/AI/Lib/GCC/STM32H7/NetworkRuntime1020_CM7_GCC.a(layers.o)
                              /home/lotfikh/x_cube/Middlewares/ST/AI/Lib/GCC/STM32H7/NetworkRuntime1020_CM7_GCC.a(ai_platform_interface.o) (ai_check_custom_types)
/home/lotfikh/x_cube/Middlewares/ST/AI/Lib/GCC/STM32H7/NetworkRuntime1020_CM7_GCC.a(layers_conv2d_generic_float.o)
                              network.o (forward_dense)
/home/lotfikh/x_cube/Middlewares/ST/AI/Lib/GCC/STM32H7/NetworkRuntime1020_CM7_GCC.a(layers_nl_generic_float.o)
                              network.o (forward_tanh)
/home/lotfikh/x_cube/Middlewares/ST/AI/Lib/GCC/STM32H7/NetworkRuntime1020_CM7_GCC.a(layers_conv2d_integer_scratch.o)
                              /home/lotfikh/x_cube/Middlewares/ST/AI/Lib/GCC/STM32H7/NetworkRuntime1020_CM7_GCC.a(layers.o) (get_dense_scratch_size_s8)
/home/lotfikh/x_cube/Middlewares/ST/AI/Lib/GCC/STM32H7/NetworkRuntime1020_CM7_GCC.a(forward_lite_conv2d_if32of32wf32.o)
                              /home/lotfikh/x_cube/Middlewares/ST/AI/Lib/GCC/STM32H7/NetworkRuntime1020_CM7_GCC.a(layers_conv2d_generic_float.o) (forward_lite_conv2d_if32of32wf32)
/home/lotfikh/x_cube/Middlewares/ST/AI/Lib/GCC/STM32H7/NetworkRuntime1020_CM7_GCC.a(lite_nl_softmax_if32of32.o)
                              /home/lotfikh/x_cube/Middlewares/ST/AI/Lib/GCC/STM32H7/NetworkRuntime1020_CM7_GCC.a(layers_nl_generic_float.o) (forward_lite_nl_softmax_if32of32_kernel)
/home/lotfikh/x_cube/Middlewares/ST/AI/Lib/GCC/STM32H7/NetworkRuntime1020_CM7_GCC.a(lite_nl_relu_if32of32.o)
                              /home/lotfikh/x_cube/Middlewares/ST/AI/Lib/GCC/STM32H7/NetworkRuntime1020_CM7_GCC.a(layers_nl_generic_float.o) (forward_lite_nl_prelu_if32of32_kernel)
/home/lotfikh/x_cube/Middlewares/ST/AI/Lib/GCC/STM32H7/NetworkRuntime1020_CM7_GCC.a(lite_dense_if32.o)
                              /home/lotfikh/x_cube/Middlewares/ST/AI/Lib/GCC/STM32H7/NetworkRuntime1020_CM7_GCC.a(layers_conv2d_generic_float.o) (lite_decompress_ilutof32)
/home/lotfikh/x_cube/Middlewares/ST/AI/Lib/GCC/STM32H7/NetworkRuntime1020_CM7_GCC.a(lite_nl_generic_float.o)
                              /home/lotfikh/x_cube/Middlewares/ST/AI/Lib/GCC/STM32H7/NetworkRuntime1020_CM7_GCC.a(layers_nl_generic_float.o) (forward_lite_nl_softmax_if32of32)
/home/lotfikh/x_cube/Middlewares/ST/AI/Lib/GCC/STM32H7/NetworkRuntime1020_CM7_GCC.a(st_int8_fill.o)
                              /home/lotfikh/x_cube/Middlewares/ST/AI/Lib/GCC/STM32H7/NetworkRuntime1020_CM7_GCC.a(ai_platform_interface.o) (st_int8_copy)
/home/lotfikh/x_cube/Middlewares/ST/AI/Lib/GCC/STM32H7/NetworkRuntime1020_CM7_GCC.a(ai_math_helpers.o)
                              /home/lotfikh/x_cube/Middlewares/ST/AI/Lib/GCC/STM32H7/NetworkRuntime1020_CM7_GCC.a(layers_nl_generic_float.o) (ai_math_sqrt)
/home/lotfikh/x_cube/Middlewares/ST/AI/Lib/GCC/STM32H7/NetworkRuntime1020_CM7_GCC.a(ai_datatypes_format.o)
                              /home/lotfikh/x_cube/Middlewares/ST/AI/Lib/GCC/STM32H7/NetworkRuntime1020_CM7_GCC.a(ai_platform_interface.o) (ai_array_to_buffer_fmt)
/home/lotfikh/x_cube/Middlewares/ST/AI/Lib/GCC/STM32H7/NetworkRuntime1020_CM7_GCC.a(ai_datatypes_internal.o)
                              /home/lotfikh/x_cube/Middlewares/ST/AI/Lib/GCC/STM32H7/NetworkRuntime1020_CM7_GCC.a(ai_platform_interface.o) (ai_version_get)
/home/lotfikh/x_cube/Middlewares/ST/AI/Lib/GCC/STM32H7/NetworkRuntime1020_CM7_GCC.a(ai_math_elementwise_mul_int8.o)
                              /home/lotfikh/x_cube/Middlewares/ST/AI/Lib/GCC/STM32H7/NetworkRuntime1020_CM7_GCC.a(ai_math_helpers.o) (ai_math_elementwise_mul_int8)
/home/lotfikh/x_cube/Middlewares/ST/AI/Lib/GCC/STM32H7/NetworkRuntime1020_CM7_GCC.a(ai_math_elementwise_sum_int8.o)
                              /home/lotfikh/x_cube/Middlewares/ST/AI/Lib/GCC/STM32H7/NetworkRuntime1020_CM7_GCC.a(ai_math_helpers.o) (ai_math_elementwise_sum_int8)
/home/lotfikh/x_cube/Middlewares/ST/AI/Lib/GCC/STM32H7/NetworkRuntime1020_CM7_GCC.a(st_align_factor.o)
[...]
Memory Configuration

Name             Origin             Length             Attributes
RAM              0x0000000020000000 0x0000000002000000 xrw
FLASH            0x0000000008000000 0x0000000002000000 xr
*default*        0x0000000000000000 0xffffffffffffffff

Linker script and memory map

LOAD /usr/lib/gcc/arm-none-eabi/10.3.1/thumb/v7e-m+dp/hard/crti.o
LOAD /usr/lib/gcc/arm-none-eabi/10.3.1/thumb/v7e-m+dp/hard/crtbegin.o
LOAD /usr/lib/gcc/arm-none-eabi/10.3.1/../../../arm-none-eabi/lib/thumb/v7e-m+dp/hard/crt0.o
START GROUP
LOAD /usr/lib/gcc/arm-none-eabi/10.3.1/../../../arm-none-eabi/lib/thumb/v7e-m+dp/hard/libm.a
END GROUP
LOAD network_data.o
LOAD network_data_params.o
LOAD startup_stm32xx.o
LOAD network.o
LOAD syscalls.o
LOAD sysmem.o
LOAD stedgeai_app_main.o
LOAD /home/lotfikh/x_cube/Middlewares/ST/AI/Lib/GCC/STM32H7/NetworkRuntime1020_CM7_GCC.a
START GROUP
LOAD /usr/lib/gcc/arm-none-eabi/10.3.1/thumb/v7e-m+dp/hard/libgcc.a
LOAD /usr/lib/gcc/arm-none-eabi/10.3.1/../../../arm-none-eabi/lib/thumb/v7e-m+dp/hard/libc_nano.a
END GROUP
START GROUP
LOAD /usr/lib/gcc/arm-none-eabi/10.3.1/thumb/v7e-m+dp/hard/libgcc.a
LOAD /usr/lib/gcc/arm-none-eabi/10.3.1/../../../arm-none-eabi/lib/thumb/v7e-m+dp/hard/libc_nano.a
END GROUP
LOAD /usr/lib/gcc/arm-none-eabi/10.3.1/thumb/v7e-m+dp/hard/crtend.o
LOAD /usr/lib/gcc/arm-none-eabi/10.3.1/thumb/v7e-m+dp/hard/crtn.o
                0x0000000021000000                _estack = 0x21000000
                0x0000000000002000                _Min_Heap_Size = 0x2000
                0x0000000000001000                _Min_Stack_Size = 0x1000

.isr_vector     0x0000000008000000       0x40
                0x0000000008000000                . = ALIGN (0x4)
 *(.isr_vector)
 .isr_vector    0x0000000008000000       0x40 startup_stm32xx.o
                0x0000000008000000                g_pfnVectors
                0x0000000008000040                . = ALIGN (0x4)

.text           0x0000000008000040     0x24ac
                0x0000000008000040                . = ALIGN (0x4)
 *(.text)
 .text          0x0000000008000040       0x88 /usr/lib/gcc/arm-none-eabi/10.3.1/thumb/v7e-m+dp/hard/crtbegin.o
 .text          0x00000000080000c8        0xc /usr/lib/gcc/arm-none-eabi/10.3.1/../../../arm-none-eabi/lib/thumb/v7e-m+dp/hard/libc_nano.a(lib_a-errno.o)
                0x00000000080000c8                __errno
 .text          0x00000000080000d4       0x48 /usr/lib/gcc/arm-none-eabi/10.3.1/../../../arm-none-eabi/lib/thumb/v7e-m+dp/hard/libc_nano.a(lib_a-init.o)
                0x00000000080000d4                __libc_init_array
 .text          0x000000000800011c       0x94 /usr/lib/gcc/arm-none-eabi/10.3.1/../../../arm-none-eabi/lib/thumb/v7e-m+dp/hard/libm.a(lib_a-math_errf.o)
                0x0000000008000150                __math_uflowf
                0x000000000800015c                __math_may_uflowf
                0x0000000008000168                __math_oflowf
                0x0000000008000174                __math_divzerof
                0x0000000008000194                __math_invalidf
 .text          0x00000000080001b0       0x10 /usr/lib/gcc/arm-none-eabi/10.3.1/../../../arm-none-eabi/lib/thumb/v7e-m+dp/hard/libm.a(lib_a-sf_fabs.o)
                0x00000000080001b0                fabsf
 .text          0x00000000080001c0       0xb8 /usr/lib/gcc/arm-none-eabi/10.3.1/../../../arm-none-eabi/lib/thumb/v7e-m+dp/hard/libm.a(lib_a-sf_tanh.o)
                0x00000000080001c0                tanhf
 .text          0x0000000008000278      0x26c /usr/lib/gcc/arm-none-eabi/10.3.1/../../../arm-none-eabi/lib/thumb/v7e-m+dp/hard/libm.a(lib_a-sf_expm1.o)
                0x0000000008000278                expm1f
 *(.text*)
 .text.ai_network_data_params_get
                0x00000000080004e4       0x30 network_data.o
                0x00000000080004e4                ai_network_data_params_get
 .text.Reset_Handler
                0x0000000008000514       0x50 startup_stm32xx.o
                0x0000000008000514                Reset_Handler
 .text.Default_Handler
                0x0000000008000564        0x2 startup_stm32xx.o
                0x0000000008000564                DebugMon_Handler
                0x0000000008000564                HardFault_Handler
                0x0000000008000564                SysTick_Handler
                0x0000000008000564                PendSV_Handler
                0x0000000008000564                NMI_Handler
                0x0000000008000564                UsageFault_Handler
                0x0000000008000564                Default_Handler
                0x0000000008000564                MemManage_Handler
                0x0000000008000564                SVC_Handler
                0x0000000008000564                BusFault_Handler
 *fill*         0x0000000008000566        0x2 
 .text.ai_network_create
                0x0000000008000568       0x1c network.o
                0x0000000008000568                ai_network_create
 .text.ai_network_inputs_get
                0x0000000008000584       0x14 network.o
                0x0000000008000584                ai_network_inputs_get
 .text.ai_network_outputs_get
                0x0000000008000598       0x14 network.o
                0x0000000008000598                ai_network_outputs_get
 .text.ai_network_init
                0x00000000080005ac      0x140 network.o
                0x00000000080005ac                ai_network_init
 .text.ai_network_create_and_init
                0x00000000080006ec       0x8e network.o
                0x00000000080006ec                ai_network_create_and_init
 .text.ai_network_run
                0x000000000800077a        0x4 network.o
                0x000000000800077a                ai_network_run
 *fill*         0x000000000800077e        0x2 
 .text.aiInit   0x0000000008000780       0x40 stedgeai_app_main.o
                0x0000000008000780                aiInit
 .text.aiRun    0x00000000080007c0       0x1c stedgeai_app_main.o
                0x00000000080007c0                aiRun
 .text.main_loop
                0x00000000080007dc        0xc stedgeai_app_main.o
                0x00000000080007dc                main_loop
 .text.SystemInit
                0x00000000080007e8        0x2 stedgeai_app_main.o
                0x00000000080007e8                SystemInit
 .text.startup.main
                0x00000000080007ea        0x6 stedgeai_app_main.o
                0x00000000080007ea                main
 .text.ai_buffer_get_size
                0x00000000080007f0       0x60 /home/lotfikh/x_cube/Middlewares/ST/AI/Lib/GCC/STM32H7/NetworkRuntime1020_CM7_GCC.a(ai_platform.o)
                0x00000000080007f0                ai_buffer_get_size
 .text.ai_buffer_array_sane
                0x0000000008000850       0x14 /home/lotfikh/x_cube/Middlewares/ST/AI/Lib/GCC/STM32H7/NetworkRuntime1020_CM7_GCC.a(ai_platform.o)
                0x0000000008000850                ai_buffer_array_sane
 .text.ai_buffer_array_item_set_address
                0x0000000008000864       0x1c /home/lotfikh/x_cube/Middlewares/ST/AI/Lib/GCC/STM32H7/NetworkRuntime1020_CM7_GCC.a(ai_platform.o)
                0x0000000008000864                ai_buffer_array_item_set_address
 .text.ai_platform_get_weights_map
                0x0000000008000880       0xb0 /home/lotfikh/x_cube/Middlewares/ST/AI/Lib/GCC/STM32H7/NetworkRuntime1020_CM7_GCC.a(ai_platform_interface.o)
                0x0000000008000880                ai_platform_get_weights_map
 .text.ai_platform_get_activations_map
                0x0000000008000930       0xb4 /home/lotfikh/x_cube/Middlewares/ST/AI/Lib/GCC/STM32H7/NetworkRuntime1020_CM7_GCC.a(ai_platform_interface.o)
                0x0000000008000930                ai_platform_get_activations_map
 .text.ai_platform_bind_network_params
                0x00000000080009e4       0x34 /home/lotfikh/x_cube/Middlewares/ST/AI/Lib/GCC/STM32H7/NetworkRuntime1020_CM7_GCC.a(ai_platform_interface.o)
                0x00000000080009e4                ai_platform_bind_network_params
 .text.ai_platform_network_get_error
                0x0000000008000a18       0x18 /home/lotfikh/x_cube/Middlewares/ST/AI/Lib/GCC/STM32H7/NetworkRuntime1020_CM7_GCC.a(ai_platform_interface.o)
                0x0000000008000a18                ai_platform_network_get_error
 .text.ai_platform_network_set_error
                0x0000000008000a30        0xc /home/lotfikh/x_cube/Middlewares/ST/AI/Lib/GCC/STM32H7/NetworkRuntime1020_CM7_GCC.a(ai_platform_interface.o)
                0x0000000008000a30                ai_platform_network_set_error
 .text.ai_platform_inputs_get
                0x0000000008000a3c       0xf4 /home/lotfikh/x_cube/Middlewares/ST/AI/Lib/GCC/STM32H7/NetworkRuntime1020_CM7_GCC.a(ai_platform_interface.o)
                0x0000000008000a3c                ai_platform_inputs_get
 .text.ai_platform_outputs_get
                0x0000000008000b30       0xec /home/lotfikh/x_cube/Middlewares/ST/AI/Lib/GCC/STM32H7/NetworkRuntime1020_CM7_GCC.a(ai_platform_interface.o)
                0x0000000008000b30                ai_platform_outputs_get
 .text.ai_platform_network_create
                0x0000000008000c1c       0x84 /home/lotfikh/x_cube/Middlewares/ST/AI/Lib/GCC/STM32H7/NetworkRuntime1020_CM7_GCC.a(ai_platform_interface.o)
                0x0000000008000c1c                ai_platform_network_create
 .text.ai_platform_network_init
                0x0000000008000ca0      0x144 /home/lotfikh/x_cube/Middlewares/ST/AI/Lib/GCC/STM32H7/NetworkRuntime1020_CM7_GCC.a(ai_platform_interface.o)
                0x0000000008000ca0                ai_platform_network_init
 .text.ai_platform_network_post_init
                0x0000000008000de4       0x58 /home/lotfikh/x_cube/Middlewares/ST/AI/Lib/GCC/STM32H7/NetworkRuntime1020_CM7_GCC.a(ai_platform_interface.o)
                0x0000000008000de4                ai_platform_network_post_init
 .text.ai_platform_network_process
                0x0000000008000e3c      0x44c /home/lotfikh/x_cube/Middlewares/ST/AI/Lib/GCC/STM32H7/NetworkRuntime1020_CM7_GCC.a(ai_platform_interface.o)
                0x0000000008000e3c                ai_platform_network_process
 .text.core_init
                0x0000000008001288        0x4 /home/lotfikh/x_cube/Middlewares/ST/AI/Lib/GCC/STM32H7/NetworkRuntime1020_CM7_GCC.a(core_common.o)
                0x0000000008001288                core_init
 .text.core_get_error
                0x000000000800128c        0xc /home/lotfikh/x_cube/Middlewares/ST/AI/Lib/GCC/STM32H7/NetworkRuntime1020_CM7_GCC.a(core_common.o)
                0x000000000800128c                core_get_error
 .text.core_set_error
                0x0000000008001298       0x18 /home/lotfikh/x_cube/Middlewares/ST/AI/Lib/GCC/STM32H7/NetworkRuntime1020_CM7_GCC.a(core_common.o)
                0x0000000008001298                core_set_error
 .text.ai_check_custom_types
                0x00000000080012b0       0x50 /home/lotfikh/x_cube/Middlewares/ST/AI/Lib/GCC/STM32H7/NetworkRuntime1020_CM7_GCC.a(layers.o)
                0x00000000080012b0                ai_check_custom_types
 .text.ai_layers_init_all
                0x0000000008001300       0x20 /home/lotfikh/x_cube/Middlewares/ST/AI/Lib/GCC/STM32H7/NetworkRuntime1020_CM7_GCC.a(layers.o)
                0x0000000008001300                ai_layers_init_all
 .text.ai_layers_post_init_all
                0x0000000008001320       0x30 /home/lotfikh/x_cube/Middlewares/ST/AI/Lib/GCC/STM32H7/NetworkRuntime1020_CM7_GCC.a(layers.o)
                0x0000000008001320                ai_layers_post_init_all
 .text.ai_layers_forward_all
                0x0000000008001350       0x90 /home/lotfikh/x_cube/Middlewares/ST/AI/Lib/GCC/STM32H7/NetworkRuntime1020_CM7_GCC.a(layers.o)
                0x0000000008001350                ai_layers_forward_all
 .text.forward_dense
                0x00000000080013e0      0x100 /home/lotfikh/x_cube/Middlewares/ST/AI/Lib/GCC/STM32H7/NetworkRuntime1020_CM7_GCC.a(layers_conv2d_generic_float.o)
                0x00000000080013e0                forward_dense
 .text.forward_tanh
                0x00000000080014e0       0x7c /home/lotfikh/x_cube/Middlewares/ST/AI/Lib/GCC/STM32H7/NetworkRuntime1020_CM7_GCC.a(layers_nl_generic_float.o)
                0x00000000080014e0                forward_tanh
 .text.forward_relu
                0x000000000800155c      0x12c /home/lotfikh/x_cube/Middlewares/ST/AI/Lib/GCC/STM32H7/NetworkRuntime1020_CM7_GCC.a(layers_nl_generic_float.o)
                0x000000000800155c                forward_relu
 .text.forward_lite_nl_relu_generic_if32of32_kernel
                0x0000000008001688       0xec /home/lotfikh/x_cube/Middlewares/ST/AI/Lib/GCC/STM32H7/NetworkRuntime1020_CM7_GCC.a(lite_nl_relu_if32of32.o)
                0x0000000008001688                forward_lite_nl_relu_generic_if32of32_kernel
 .text.forward_lite_dense_if32of32wf32
                0x0000000008001774      0x2b4 /home/lotfikh/x_cube/Middlewares/ST/AI/Lib/GCC/STM32H7/NetworkRuntime1020_CM7_GCC.a(lite_dense_if32.o)
                0x0000000008001774                forward_lite_dense_if32of32wf32
 .text.forward_lite_dense_if32of32wf32_lut4
                0x0000000008001a28      0x290 /home/lotfikh/x_cube/Middlewares/ST/AI/Lib/GCC/STM32H7/NetworkRuntime1020_CM7_GCC.a(lite_dense_if32.o)
                0x0000000008001a28                forward_lite_dense_if32of32wf32_lut4
 .text.forward_lite_dense_if32of32wf32_lut8
                0x0000000008001cb8      0x594 /home/lotfikh/x_cube/Middlewares/ST/AI/Lib/GCC/STM32H7/NetworkRuntime1020_CM7_GCC.a(lite_dense_if32.o)
                0x0000000008001cb8                forward_lite_dense_if32of32wf32_lut8
 .text.st_int8_copy
                0x000000000800224c      0x150 /home/lotfikh/x_cube/Middlewares/ST/AI/Lib/GCC/STM32H7/NetworkRuntime1020_CM7_GCC.a(st_int8_fill.o)
                0x000000000800224c                st_int8_copy
 .text.ai_array_to_buffer_fmt
                0x000000000800239c       0xe0 /home/lotfikh/x_cube/Middlewares/ST/AI/Lib/GCC/STM32H7/NetworkRuntime1020_CM7_GCC.a(ai_datatypes_format.o)
                0x000000000800239c                ai_array_to_buffer_fmt
 .text.ai_array_get_data_byte_size
                0x000000000800247c       0x20 /home/lotfikh/x_cube/Middlewares/ST/AI/Lib/GCC/STM32H7/NetworkRuntime1020_CM7_GCC.a(ai_datatypes_format.o)
                0x000000000800247c                ai_array_get_data_byte_size
 .text.ai_version_get
                0x000000000800249c        0xc /home/lotfikh/x_cube/Middlewares/ST/AI/Lib/GCC/STM32H7/NetworkRuntime1020_CM7_GCC.a(ai_datatypes_internal.o)
                0x000000000800249c                ai_version_get
 .text.get_tensor_byte_size
                0x00000000080024a8       0x2c /home/lotfikh/x_cube/Middlewares/ST/AI/Lib/GCC/STM32H7/NetworkRuntime1020_CM7_GCC.a(ai_datatypes_internal.o)
                0x00000000080024a8                get_tensor_byte_size
 *(.glue_7)
 .glue_7        0x00000000080024d4        0x0 linker stubs
 *(.glue_7t)
 .glue_7t       0x00000000080024d4        0x0 linker stubs
 *(.eh_frame)
 .eh_frame      0x00000000080024d4        0x0 /usr/lib/gcc/arm-none-eabi/10.3.1/thumb/v7e-m+dp/hard/crtbegin.o
 *(.init)
 .init          0x00000000080024d4        0x4 /usr/lib/gcc/arm-none-eabi/10.3.1/thumb/v7e-m+dp/hard/crti.o
                0x00000000080024d4                _init
 .init          0x00000000080024d8        0x8 /usr/lib/gcc/arm-none-eabi/10.3.1/thumb/v7e-m+dp/hard/crtn.o
 *(.fini)
 .fini          0x00000000080024e0        0x4 /usr/lib/gcc/arm-none-eabi/10.3.1/thumb/v7e-m+dp/hard/crti.o
                0x00000000080024e0                _fini
 .fini          0x00000000080024e4        0x8 /usr/lib/gcc/arm-none-eabi/10.3.1/thumb/v7e-m+dp/hard/crtn.o
                0x00000000080024ec                . = ALIGN (0x4)
                0x00000000080024ec                _etext = .

.vfp11_veneer   0x00000000080024ec        0x0
 .vfp11_veneer  0x00000000080024ec        0x0 linker stubs

.v4_bx          0x00000000080024ec        0x0
 .v4_bx         0x00000000080024ec        0x0 linker stubs

.iplt           0x00000000080024ec        0x0
 .iplt          0x00000000080024ec        0x0 /usr/lib/gcc/arm-none-eabi/10.3.1/thumb/v7e-m+dp/hard/crtbegin.o

.rodata         0x0000000008002500     0x5160
                0x0000000008002500                . = ALIGN (0x4)
 *(.rodata)
 .rodata        0x0000000008002500       0x10 network_data.o
 *(.rodata*)
 *fill*         0x0000000008002510       0x10 
 .rodata.s_network_weights_array_u64
                0x0000000008002520     0x5110 network_data_params.o
                0x0000000008002520                s_network_weights_array_u64
 .rodata._0_Gemm_output_0_chain
                0x0000000008007630        0x8 network.o
 .rodata._1_Relu_output_0_chain
                0x0000000008007638        0x8 network.o
 .rodata._2_Gemm_output_0_chain
                0x0000000008007640        0x8 network.o
 .rodata._3_Relu_output_0_chain
                0x0000000008007648        0x8 network.o
 .rodata._4_Gemm_output_0_chain
                0x0000000008007650        0x8 network.o
 .rodata.action_chain
                0x0000000008007658        0x8 network.o
                0x0000000008007660                . = ALIGN (0x4)

.rel.dyn        0x0000000008007660        0x0
 .rel.iplt      0x0000000008007660        0x0 /usr/lib/gcc/arm-none-eabi/10.3.1/thumb/v7e-m+dp/hard/crtbegin.o

.ARM.extab      0x0000000008007660        0x0
                0x0000000008007660                . = ALIGN (0x4)
 *(.ARM.extab* .gnu.linkonce.armextab.*)
                0x0000000008007660                . = ALIGN (0x4)

.ARM            0x0000000008007660        0x0
                0x0000000008007660                . = ALIGN (0x4)
                0x0000000008007660                __exidx_start = .
 *(.ARM.exidx*)
                0x0000000008007660                __exidx_end = .
                0x0000000008007660                . = ALIGN (0x4)

.preinit_array  0x0000000008007660        0x0
                0x0000000008007660                . = ALIGN (0x4)
                0x0000000008007660                PROVIDE (__preinit_array_start = .)
 *(.preinit_array*)
                0x0000000008007660                PROVIDE (__preinit_array_end = .)
                0x0000000008007660                . = ALIGN (0x4)

.init_array     0x0000000008007660        0x4
                0x0000000008007660                . = ALIGN (0x4)
                0x0000000008007660                PROVIDE (__init_array_start = .)
 *(SORT_BY_NAME(.init_array.*))
 *(.init_array*)
 .init_array    0x0000000008007660        0x4 /usr/lib/gcc/arm-none-eabi/10.3.1/thumb/v7e-m+dp/hard/crtbegin.o
                0x0000000008007664                PROVIDE (__init_array_end = .)
                0x0000000008007664                . = ALIGN (0x4)

.fini_array     0x0000000008007664        0x4
                0x0000000008007664                . = ALIGN (0x4)
                0x0000000008007664                PROVIDE (__fini_array_start = .)
 *(SORT_BY_NAME(.fini_array.*))
 *(.fini_array*)
 .fini_array    0x0000000008007664        0x4 /usr/lib/gcc/arm-none-eabi/10.3.1/thumb/v7e-m+dp/hard/crtbegin.o
                0x0000000008007668                PROVIDE (__fini_array_end = .)
                0x0000000008007668                . = ALIGN (0x4)
                0x0000000008007668                _sidata = LOADADDR (.data)

.data           0x0000000020000000      0x790 load address 0x0000000008007668
                0x0000000020000000                . = ALIGN (0x4)
                0x0000000020000000                _sdata = .
 *(.data)
 .data          0x0000000020000000       0x64 /usr/lib/gcc/arm-none-eabi/10.3.1/../../../arm-none-eabi/lib/thumb/v7e-m+dp/hard/libc_nano.a(lib_a-impure.o)
                0x0000000020000000                _impure_ptr
 *(.data*)
 .data.__compound_literal.0
                0x0000000020000064       0x10 network_data.o
 .data.__compound_literal.1
                0x0000000020000074       0x10 network_data.o
 .data.g_network_data_map_activations
                0x0000000020000084       0x1c network_data.o
                0x0000000020000084                g_network_data_map_activations
 .data.g_network_data_map_weights
                0x00000000200000a0       0x1c network_data.o
                0x00000000200000a0                g_network_data_map_weights
 .data._0_Gemm_output_0_bias
                0x00000000200000bc       0x1c network.o
 .data._0_Gemm_output_0_bias_array
                0x00000000200000d8       0x10 network.o
 .data._0_Gemm_output_0_layer
                0x00000000200000e8       0x1c network.o
 .data._0_Gemm_output_0_output
                0x0000000020000104       0x1c network.o
 .data._0_Gemm_output_0_output_array
                0x0000000020000120       0x10 network.o
 .data._0_Gemm_output_0_weights
                0x0000000020000130       0x1c network.o
 .data._0_Gemm_output_0_weights_array
                0x000000002000014c       0x10 network.o
 .data._1_Relu_output_0_layer
                0x000000002000015c       0x20 network.o
 .data._1_Relu_output_0_output
                0x000000002000017c       0x1c network.o
 .data._1_Relu_output_0_output_array
                0x0000000020000198       0x10 network.o
 .data._2_Gemm_output_0_bias
                0x00000000200001a8       0x1c network.o
 .data._2_Gemm_output_0_bias_array
                0x00000000200001c4       0x10 network.o
 .data._2_Gemm_output_0_layer
                0x00000000200001d4       0x1c network.o
 .data._2_Gemm_output_0_output
                0x00000000200001f0       0x1c network.o
 .data._2_Gemm_output_0_output_array
                0x000000002000020c       0x10 network.o
 .data._2_Gemm_output_0_weights
                0x000000002000021c       0x1c network.o
 .data._2_Gemm_output_0_weights_array
                0x0000000020000238       0x10 network.o
 .data._3_Relu_output_0_layer
                0x0000000020000248       0x20 network.o
 .data._3_Relu_output_0_output
                0x0000000020000268       0x1c network.o
 .data._3_Relu_output_0_output_array
                0x0000000020000284       0x10 network.o
 .data._4_Gemm_output_0_bias
                0x0000000020000294       0x1c network.o
 .data._4_Gemm_output_0_bias_array
                0x00000000200002b0       0x10 network.o
 .data._4_Gemm_output_0_layer
                0x00000000200002c0       0x1c network.o
 .data._4_Gemm_output_0_output
                0x00000000200002dc       0x1c network.o
 .data._4_Gemm_output_0_output_array
                0x00000000200002f8       0x10 network.o
 .data._4_Gemm_output_0_weights
                0x0000000020000308       0x1c network.o
 .data._4_Gemm_output_0_weights_array
                0x0000000020000324       0x10 network.o
 .data.__compound_literal.0
                0x0000000020000334       0x10 network.o
 .data.__compound_literal.1
                0x0000000020000344       0x10 network.o
 .data.__compound_literal.10
                0x0000000020000354       0x10 network.o
 .data.__compound_literal.11
                0x0000000020000364       0x10 network.o
 .data.__compound_literal.12
                0x0000000020000374       0x10 network.o
 .data.__compound_literal.13
                0x0000000020000384       0x10 network.o
 .data.__compound_literal.14
                0x0000000020000394       0x10 network.o
 .data.__compound_literal.15
                0x00000000200003a4       0x10 network.o
 .data.__compound_literal.16
                0x00000000200003b4       0x10 network.o
 .data.__compound_literal.17
                0x00000000200003c4       0x10 network.o
 .data.__compound_literal.18
                0x00000000200003d4       0x10 network.o
 .data.__compound_literal.19
                0x00000000200003e4       0x10 network.o
 .data.__compound_literal.2
                0x00000000200003f4       0x10 network.o
 .data.__compound_literal.20
                0x0000000020000404       0x10 network.o
 .data.__compound_literal.21
                0x0000000020000414       0x10 network.o
 .data.__compound_literal.22
                0x0000000020000424       0x10 network.o
 .data.__compound_literal.23
                0x0000000020000434       0x10 network.o
 .data.__compound_literal.24
                0x0000000020000444       0x10 network.o
 .data.__compound_literal.25
                0x0000000020000454       0x10 network.o
 .data.__compound_literal.26
                0x0000000020000464        0x4 network.o
 .data.__compound_literal.27
                0x0000000020000468        0x4 network.o
 .data.__compound_literal.3
                0x000000002000046c       0x10 network.o
 .data.__compound_literal.30
                0x000000002000047c       0x30 network.o
 .data.__compound_literal.31
                0x00000000200004ac        0x4 network.o
 .data.__compound_literal.32
                0x00000000200004b0        0x4 network.o
 .data.__compound_literal.33
                0x00000000200004b4        0x8 network.o
 .data.__compound_literal.35
                0x00000000200004bc       0x30 network.o
 .data.__compound_literal.36
                0x00000000200004ec        0x4 network.o
 .data.__compound_literal.37
                0x00000000200004f0        0x4 network.o
 .data.__compound_literal.4
                0x00000000200004f4       0x10 network.o
 .data.__compound_literal.40
                0x0000000020000504       0x30 network.o
 .data.__compound_literal.41
                0x0000000020000534        0x4 network.o
 .data.__compound_literal.42
                0x0000000020000538        0x4 network.o
 .data.__compound_literal.43
                0x000000002000053c        0x8 network.o
 .data.__compound_literal.45
                0x0000000020000544       0x30 network.o
 .data.__compound_literal.46
                0x0000000020000574        0x4 network.o
 .data.__compound_literal.47
                0x0000000020000578        0x4 network.o
 .data.__compound_literal.5
                0x000000002000057c       0x10 network.o
 .data.__compound_literal.50
                0x000000002000058c       0x30 network.o
 .data.__compound_literal.51
                0x00000000200005bc        0x4 network.o
 .data.__compound_literal.52
                0x00000000200005c0        0x4 network.o
 .data.__compound_literal.53
                0x00000000200005c4        0x8 network.o
 .data.__compound_literal.55
                0x00000000200005cc       0x30 network.o
 .data.__compound_literal.56
                0x00000000200005fc       0x10 network.o
 .data.__compound_literal.57
                0x000000002000060c       0x1c network.o
 .data.__compound_literal.58
                0x0000000020000628       0x10 network.o
 .data.__compound_literal.59
                0x0000000020000638       0x1c network.o
 .data.__compound_literal.6
                0x0000000020000654       0x10 network.o
 .data.__compound_literal.60
                0x0000000020000664        0x4 network.o
 .data.__compound_literal.64
                0x0000000020000668        0xc network.o
 .data.__compound_literal.65
                0x0000000020000674        0x4 network.o
 .data.__compound_literal.69
                0x0000000020000678        0xc network.o
 .data.__compound_literal.7
                0x0000000020000684       0x10 network.o
 .data.__compound_literal.70
                0x0000000020000694       0x18 network.o
 .data.__compound_literal.8
                0x00000000200006ac       0x10 network.o
 .data.__compound_literal.9
                0x00000000200006bc       0x10 network.o
 .data.action_layer
                0x00000000200006cc       0x20 network.o
 .data.action_output
                0x00000000200006ec       0x1c network.o
 .data.action_output_array
                0x0000000020000708       0x10 network.o
 .data.g_network
                0x0000000020000718       0x4c network.o
 .data.obs_output
                0x0000000020000764       0x1c network.o
 .data.obs_output_array
                0x0000000020000780       0x10 network.o
                0x0000000020000790                . = ALIGN (0x4)
                0x0000000020000790                _edata = .

.tm_clone_table
                0x0000000020000790        0x0 load address 0x0000000008007df8
 .tm_clone_table
                0x0000000020000790        0x0 /usr/lib/gcc/arm-none-eabi/10.3.1/thumb/v7e-m+dp/hard/crtbegin.o
 .tm_clone_table
                0x0000000020000790        0x0 /usr/lib/gcc/arm-none-eabi/10.3.1/thumb/v7e-m+dp/hard/crtend.o

.igot.plt       0x0000000020000790        0x0 load address 0x0000000008007df8
 .igot.plt      0x0000000020000790        0x0 /usr/lib/gcc/arm-none-eabi/10.3.1/thumb/v7e-m+dp/hard/crtbegin.o
                0x0000000020000790                . = ALIGN (0x4)

.bss            0x00000000200007a0      0x2cc load address 0x0000000008007df8
                0x00000000200007a0                _sbss = .
                0x00000000200007a0                __bss_start__ = _sbss
 *(.bss)
 .bss           0x00000000200007a0       0x1c /usr/lib/gcc/arm-none-eabi/10.3.1/thumb/v7e-m+dp/hard/crtbegin.o
 *(.bss*)
 .bss.__compound_literal.28
                0x00000000200007bc        0x4 network.o
 .bss.__compound_literal.29
                0x00000000200007c0        0x4 network.o
 .bss.__compound_literal.34
                0x00000000200007c4        0x4 network.o
 .bss.__compound_literal.38
                0x00000000200007c8        0x4 network.o
 .bss.__compound_literal.39
                0x00000000200007cc        0x4 network.o
 .bss.__compound_literal.44
                0x00000000200007d0        0x4 network.o
 .bss.__compound_literal.48
                0x00000000200007d4        0x4 network.o
 .bss.__compound_literal.49
                0x00000000200007d8        0x4 network.o
 .bss.__compound_literal.54
                0x00000000200007dc        0x4 network.o
 .bss.__compound_literal.61
                0x00000000200007e0       0x1c network.o
 .bss.__compound_literal.62
                0x00000000200007fc       0x10 network.o
 .bss.__compound_literal.63
                0x000000002000080c        0x8 network.o
 .bss.__compound_literal.66
                0x0000000020000814       0x1c network.o
 .bss.__compound_literal.67
                0x0000000020000830       0x10 network.o
 .bss.__compound_literal.68
                0x0000000020000840        0x8 network.o
 .bss.g_network_activations_map
                0x0000000020000848        0x4 network.o
 .bss.g_network_weights_map
                0x000000002000084c        0x4 network.o
 *fill*         0x0000000020000850       0x10 
 .bss.activations_1
                0x0000000020000860      0x200 stedgeai_app_main.o
 .bss.ai_input  0x0000000020000a60        0x4 stedgeai_app_main.o
 .bss.ai_output
                0x0000000020000a64        0x4 stedgeai_app_main.o
 .bss.network   0x0000000020000a68        0x4 stedgeai_app_main.o
 *(COMMON)
                0x0000000020000a6c                . = ALIGN (0x4)
                0x0000000020000a6c                _ebss = .
                0x0000000020000a6c                __bss_end__ = _ebss

._user_heap_stack
                0x0000000020000a6c     0x3004 load address 0x0000000008007df8
                0x0000000020000a70                . = ALIGN (0x8)
 *fill*         0x0000000020000a6c        0x4 
                [!provide]                        PROVIDE (end = .)
                0x0000000020000a70                PROVIDE (_end = .)
                0x0000000020002a70                . = (. + _Min_Heap_Size)
 *fill*         0x0000000020000a70     0x2000 
                0x0000000020003a70                . = (. + _Min_Stack_Size)
 *fill*         0x0000000020002a70     0x1000 
                0x0000000020003a70                . = ALIGN (0x8)

/DISCARD/
 libc.a(*)
 libm.a(*)
 libgcc.a(*)

.ARM.attributes
                0x0000000000000000       0x2e
 *(.ARM.attributes)
 .ARM.attributes
                0x0000000000000000       0x1e /usr/lib/gcc/arm-none-eabi/10.3.1/thumb/v7e-m+dp/hard/crti.o
 .ARM.attributes
                0x000000000000001e       0x32 /usr/lib/gcc/arm-none-eabi/10.3.1/thumb/v7e-m+dp/hard/crtbegin.o
 .ARM.attributes
                0x0000000000000050       0x32 network_data.o
 .ARM.attributes
                0x0000000000000082       0x37 network_data_params.o
 .ARM.attributes
                0x00000000000000b9       0x21 startup_stm32xx.o
 .ARM.attributes
                0x00000000000000da       0x32 network.o
 .ARM.attributes
                0x000000000000010c       0x32 stedgeai_app_main.o
 .ARM.attributes
                0x000000000000013e       0x2e /home/lotfikh/x_cube/Middlewares/ST/AI/Lib/GCC/STM32H7/NetworkRuntime1020_CM7_GCC.a(ai_platform.o)
 .ARM.attributes
                0x000000000000016c       0x2e /home/lotfikh/x_cube/Middlewares/ST/AI/Lib/GCC/STM32H7/NetworkRuntime1020_CM7_GCC.a(ai_platform_interface.o)
 .ARM.attributes
                0x000000000000019a       0x2e /home/lotfikh/x_cube/Middlewares/ST/AI/Lib/GCC/STM32H7/NetworkRuntime1020_CM7_GCC.a(core_common.o)
 .ARM.attributes
                0x00000000000001c8       0x2e /home/lotfikh/x_cube/Middlewares/ST/AI/Lib/GCC/STM32H7/NetworkRuntime1020_CM7_GCC.a(layers.o)
 .ARM.attributes
                0x00000000000001f6       0x2e /home/lotfikh/x_cube/Middlewares/ST/AI/Lib/GCC/STM32H7/NetworkRuntime1020_CM7_GCC.a(layers_conv2d_generic_float.o)
 .ARM.attributes
                0x0000000000000224       0x2e /home/lotfikh/x_cube/Middlewares/ST/AI/Lib/GCC/STM32H7/NetworkRuntime1020_CM7_GCC.a(layers_nl_generic_float.o)
 .ARM.attributes
                0x0000000000000252       0x2e /home/lotfikh/x_cube/Middlewares/ST/AI/Lib/GCC/STM32H7/NetworkRuntime1020_CM7_GCC.a(lite_nl_relu_if32of32.o)
 .ARM.attributes
                0x0000000000000280       0x2e /home/lotfikh/x_cube/Middlewares/ST/AI/Lib/GCC/STM32H7/NetworkRuntime1020_CM7_GCC.a(lite_dense_if32.o)
 .ARM.attributes
                0x00000000000002ae       0x2e /home/lotfikh/x_cube/Middlewares/ST/AI/Lib/GCC/STM32H7/NetworkRuntime1020_CM7_GCC.a(st_int8_fill.o)
 .ARM.attributes
                0x00000000000002dc       0x2e /home/lotfikh/x_cube/Middlewares/ST/AI/Lib/GCC/STM32H7/NetworkRuntime1020_CM7_GCC.a(ai_datatypes_format.o)
 .ARM.attributes
                0x000000000000030a       0x2e /home/lotfikh/x_cube/Middlewares/ST/AI/Lib/GCC/STM32H7/NetworkRuntime1020_CM7_GCC.a(ai_datatypes_internal.o)
 .ARM.attributes
                0x0000000000000338       0x32 /usr/lib/gcc/arm-none-eabi/10.3.1/../../../arm-none-eabi/lib/thumb/v7e-m+dp/hard/libc_nano.a(lib_a-errno.o)
 .ARM.attributes
                0x000000000000036a       0x30 /usr/lib/gcc/arm-none-eabi/10.3.1/../../../arm-none-eabi/lib/thumb/v7e-m+dp/hard/libc_nano.a(lib_a-impure.o)
 .ARM.attributes
                0x000000000000039a       0x32 /usr/lib/gcc/arm-none-eabi/10.3.1/../../../arm-none-eabi/lib/thumb/v7e-m+dp/hard/libc_nano.a(lib_a-init.o)
 .ARM.attributes
                0x00000000000003cc       0x30 /usr/lib/gcc/arm-none-eabi/10.3.1/thumb/v7e-m+dp/hard/crtend.o
 .ARM.attributes
                0x00000000000003fc       0x1e /usr/lib/gcc/arm-none-eabi/10.3.1/thumb/v7e-m+dp/hard/crtn.o
OUTPUT(network.elf elf32-littlearm)
LOAD linker stubs
LOAD /usr/lib/gcc/arm-none-eabi/10.3.1/../../../arm-none-eabi/lib/thumb/v7e-m+dp/hard/libc.a
LOAD /usr/lib/gcc/arm-none-eabi/10.3.1/../../../arm-none-eabi/lib/thumb/v7e-m+dp/hard/libm.a
LOAD /usr/lib/gcc/arm-none-eabi/10.3.1/thumb/v7e-m+dp/hard/libgcc.a

.comment        0x0000000000000000       0x76
 .comment       0x0000000000000000       0x33 /usr/lib/gcc/arm-none-eabi/10.3.1/thumb/v7e-m+dp/hard/crtbegin.o
                                         0x34 (size before relaxing)
 .comment       0x0000000000000033       0x34 network_data.o
 .comment       0x0000000000000033       0x34 network_data_params.o
 .comment       0x0000000000000033       0x34 network.o
 .comment       0x0000000000000033       0x34 stedgeai_app_main.o
 .comment       0x0000000000000033       0x43 /home/lotfikh/x_cube/Middlewares/ST/AI/Lib/GCC/STM32H7/NetworkRuntime1020_CM7_GCC.a(ai_platform.o)
                                         0x44 (size before relaxing)
 .comment       0x0000000000000076       0x44 /home/lotfikh/x_cube/Middlewares/ST/AI/Lib/GCC/STM32H7/NetworkRuntime1020_CM7_GCC.a(ai_platform_interface.o)
 .comment       0x0000000000000076       0x44 /home/lotfikh/x_cube/Middlewares/ST/AI/Lib/GCC/STM32H7/NetworkRuntime1020_CM7_GCC.a(core_common.o)
 .comment       0x0000000000000076       0x44 /home/lotfikh/x_cube/Middlewares/ST/AI/Lib/GCC/STM32H7/NetworkRuntime1020_CM7_GCC.a(layers.o)
 .comment       0x0000000000000076       0x44 /home/lotfikh/x_cube/Middlewares/ST/AI/Lib/GCC/STM32H7/NetworkRuntime1020_CM7_GCC.a(layers_conv2d_generic_float.o)
 .comment       0x0000000000000076       0x44 /home/lotfikh/x_cube/Middlewares/ST/AI/Lib/GCC/STM32H7/NetworkRuntime1020_CM7_GCC.a(layers_nl_generic_float.o)
 .comment       0x0000000000000076       0x44 /home/lotfikh/x_cube/Middlewares/ST/AI/Lib/GCC/STM32H7/NetworkRuntime1020_CM7_GCC.a(lite_nl_relu_if32of32.o)
 .comment       0x0000000000000076       0x44 /home/lotfikh/x_cube/Middlewares/ST/AI/Lib/GCC/STM32H7/NetworkRuntime1020_CM7_GCC.a(lite_dense_if32.o)
 .comment       0x0000000000000076       0x44 /home/lotfikh/x_cube/Middlewares/ST/AI/Lib/GCC/STM32H7/NetworkRuntime1020_CM7_GCC.a(st_int8_fill.o)
 .comment       0x0000000000000076       0x44 /home/lotfikh/x_cube/Middlewares/ST/AI/Lib/GCC/STM32H7/NetworkRuntime1020_CM7_GCC.a(ai_datatypes_format.o)
 .comment       0x0000000000000076       0x44 /home/lotfikh/x_cube/Middlewares/ST/AI/Lib/GCC/STM32H7/NetworkRuntime1020_CM7_GCC.a(ai_datatypes_internal.o)
 .comment       0x0000000000000076       0x34 /usr/lib/gcc/arm-none-eabi/10.3.1/../../../arm-none-eabi/lib/thumb/v7e-m+dp/hard/libc_nano.a(lib_a-errno.o)
 .comment       0x0000000000000076       0x34 /usr/lib/gcc/arm-none-eabi/10.3.1/../../../arm-none-eabi/lib/thumb/v7e-m+dp/hard/libc_nano.a(lib_a-impure.o)
 .comment       0x0000000000000076       0x34 /usr/lib/gcc/arm-none-eabi/10.3.1/../../../arm-none-eabi/lib/thumb/v7e-m+dp/hard/libc_nano.a(lib_a-init.o)
 .comment       0x0000000000000076       0x34 /usr/lib/gcc/arm-none-eabi/10.3.1/thumb/v7e-m+dp/hard/crtend.o

.debug_info     0x0000000000000000     0x3bbe
 .debug_info    0x0000000000000000      0x652 network_data.o
 .debug_info    0x0000000000000652      0x144 network_data_params.o
 .debug_info    0x0000000000000796       0x22 startup_stm32xx.o
 .debug_info    0x00000000000007b8     0x1e13 network.o
 .debug_info    0x00000000000025cb      0x4c8 stedgeai_app_main.o
 .debug_info    0x0000000000002a93      0x7ae /usr/lib/gcc/arm-none-eabi/10.3.1/../../../arm-none-eabi/lib/thumb/v7e-m+dp/hard/libc_nano.a(lib_a-errno.o)
 .debug_info    0x0000000000003241      0x863 /usr/lib/gcc/arm-none-eabi/10.3.1/../../../arm-none-eabi/lib/thumb/v7e-m+dp/hard/libc_nano.a(lib_a-impure.o)
 .debug_info    0x0000000000003aa4      0x11a /usr/lib/gcc/arm-none-eabi/10.3.1/../../../arm-none-eabi/lib/thumb/v7e-m+dp/hard/libc_nano.a(lib_a-init.o)

.debug_abbrev   0x0000000000000000      0xb84
 .debug_abbrev  0x0000000000000000      0x1e3 network_data.o
 .debug_abbrev  0x00000000000001e3       0xb7 network_data_params.o
 .debug_abbrev  0x000000000000029a       0x12 startup_stm32xx.o
 .debug_abbrev  0x00000000000002ac      0x3ca network.o
 .debug_abbrev  0x0000000000000676      0x19a stedgeai_app_main.o
 .debug_abbrev  0x0000000000000810      0x157 /usr/lib/gcc/arm-none-eabi/10.3.1/../../../arm-none-eabi/lib/thumb/v7e-m+dp/hard/libc_nano.a(lib_a-errno.o)
 .debug_abbrev  0x0000000000000967      0x151 /usr/lib/gcc/arm-none-eabi/10.3.1/../../../arm-none-eabi/lib/thumb/v7e-m+dp/hard/libc_nano.a(lib_a-impure.o)
 .debug_abbrev  0x0000000000000ab8       0xcc /usr/lib/gcc/arm-none-eabi/10.3.1/../../../arm-none-eabi/lib/thumb/v7e-m+dp/hard/libc_nano.a(lib_a-init.o)

.debug_loc      0x0000000000000000      0x87e
 .debug_loc     0x0000000000000000      0x1a8 network_data.o
 .debug_loc     0x00000000000001a8      0x61c network.o
 .debug_loc     0x00000000000007c4       0xba /usr/lib/gcc/arm-none-eabi/10.3.1/../../../arm-none-eabi/lib/thumb/v7e-m+dp/hard/libc_nano.a(lib_a-init.o)

.debug_aranges  0x0000000000000000      0x180
 .debug_aranges
                0x0000000000000000       0x38 network_data.o
 .debug_aranges
                0x0000000000000038       0x18 network_data_params.o
 .debug_aranges
                0x0000000000000050       0x28 startup_stm32xx.o
 .debug_aranges
                0x0000000000000078       0x70 network.o
 .debug_aranges
                0x00000000000000e8       0x40 stedgeai_app_main.o
 .debug_aranges
                0x0000000000000128       0x20 /usr/lib/gcc/arm-none-eabi/10.3.1/../../../arm-none-eabi/lib/thumb/v7e-m+dp/hard/libc_nano.a(lib_a-errno.o)
 .debug_aranges
                0x0000000000000148       0x18 /usr/lib/gcc/arm-none-eabi/10.3.1/../../../arm-none-eabi/lib/thumb/v7e-m+dp/hard/libc_nano.a(lib_a-impure.o)
 .debug_aranges
                0x0000000000000160       0x20 /usr/lib/gcc/arm-none-eabi/10.3.1/../../../arm-none-eabi/lib/thumb/v7e-m+dp/hard/libc_nano.a(lib_a-init.o)

.debug_ranges   0x0000000000000000      0x138
 .debug_ranges  0x0000000000000000       0x28 network_data.o
 .debug_ranges  0x0000000000000028       0x20 startup_stm32xx.o
 .debug_ranges  0x0000000000000048       0xc0 network.o
 .debug_ranges  0x0000000000000108       0x30 stedgeai_app_main.o

.debug_macro    0x0000000000000000     0x3e22
 .debug_macro   0x0000000000000000      0x1dc network_data.o
 .debug_macro   0x00000000000001dc      0xa7e network_data.o
 .debug_macro   0x0000000000000c5a       0x7c network_data.o
 .debug_macro   0x0000000000000cd6      0x34e network_data.o
 .debug_macro   0x0000000000001024      0x174 network_data.o
 .debug_macro   0x0000000000001198       0x22 network_data.o
 .debug_macro   0x00000000000011ba       0x52 network_data.o
 .debug_macro   0x000000000000120c       0x17 network_data.o
 .debug_macro   0x0000000000001223       0x94 network_data.o
 .debug_macro   0x00000000000012b7       0x35 network_data.o
 .debug_macro   0x00000000000012ec      0x103 network_data.o
 .debug_macro   0x00000000000013ef       0x3a network_data.o
 .debug_macro   0x0000000000001429       0x35 network_data.o
 .debug_macro   0x000000000000145e      0x379 network_data.o
 .debug_macro   0x00000000000017d7       0x22 network_data.o
 .debug_macro   0x00000000000017f9       0x22 network_data.o
 .debug_macro   0x000000000000181b      0x342 network_data.o
 .debug_macro   0x0000000000001b5d       0x46 network_data.o
 .debug_macro   0x0000000000001ba3       0x10 network_data.o
 .debug_macro   0x0000000000001bb3       0x16 network_data.o
 .debug_macro   0x0000000000001bc9       0x16 network_data.o
 .debug_macro   0x0000000000001bdf       0x43 network_data.o
 .debug_macro   0x0000000000001c22       0x57 network_data.o
 .debug_macro   0x0000000000001c79       0x34 network_data.o
 .debug_macro   0x0000000000001cad       0x10 network_data.o
 .debug_macro   0x0000000000001cbd       0x52 network_data.o
 .debug_macro   0x0000000000001d0f      0x182 network_data.o
 .debug_macro   0x0000000000001e91      0x333 network_data.o
 .debug_macro   0x00000000000021c4       0x10 network_data.o
 .debug_macro   0x00000000000021d4       0x22 network_data.o
 .debug_macro   0x00000000000021f6       0x10 network_data.o
 .debug_macro   0x0000000000002206       0xc0 network_data.o
 .debug_macro   0x00000000000022c6      0x229 network_data.o
 .debug_macro   0x00000000000024ef       0x2e network_data.o
 .debug_macro   0x000000000000251d       0xcf network_data.o
 .debug_macro   0x00000000000025ec      0x1ed network_data.o
 .debug_macro   0x00000000000027d9       0xc8 network_data_params.o
 .debug_macro   0x00000000000028a1       0x46 network_data_params.o
 .debug_macro   0x00000000000028e7      0x44a network.o
 .debug_macro   0x0000000000002d31       0x88 network.o
 .debug_macro   0x0000000000002db9       0x4c network.o
 .debug_macro   0x0000000000002e05      0x1a9 network.o
 .debug_macro   0x0000000000002fae      0x10c network.o
 .debug_macro   0x00000000000030ba      0x202 network.o
 .debug_macro   0x00000000000032bc       0x3a network.o
 .debug_macro   0x00000000000032f6       0x2e network.o
 .debug_macro   0x0000000000003324       0xdc network.o
 .debug_macro   0x0000000000003400       0x16 network.o
 .debug_macro   0x0000000000003416       0x4d network.o
 .debug_macro   0x0000000000003463       0x25 network.o
 .debug_macro   0x0000000000003488       0x6d network.o
 .debug_macro   0x00000000000034f5       0x16 network.o
 .debug_macro   0x000000000000350b       0x7c network.o
 .debug_macro   0x0000000000003587       0x22 network.o
 .debug_macro   0x00000000000035a9       0x10 network.o
 .debug_macro   0x00000000000035b9       0x11 network.o
 .debug_macro   0x00000000000035ca       0x2e network.o
 .debug_macro   0x00000000000035f8       0x2e network.o
 .debug_macro   0x0000000000003626      0x276 stedgeai_app_main.o
 .debug_macro   0x000000000000389c       0x16 stedgeai_app_main.o
 .debug_macro   0x00000000000038b2       0x97 stedgeai_app_main.o
 .debug_macro   0x0000000000003949       0xfd stedgeai_app_main.o
 .debug_macro   0x0000000000003a46       0x16 stedgeai_app_main.o
 .debug_macro   0x0000000000003a5c      0x3c6 stedgeai_app_main.o

.debug_line     0x0000000000000000     0x1947
 .debug_line    0x0000000000000000      0x3b6 network_data.o
 .debug_line    0x00000000000003b6      0x1d5 network_data_params.o
 .debug_line    0x000000000000058b       0xb7 startup_stm32xx.o
 .debug_line    0x0000000000000642      0xb73 network.o
 .debug_line    0x00000000000011b5      0x46d stedgeai_app_main.o
 .debug_line    0x0000000000001622      0x109 /usr/lib/gcc/arm-none-eabi/10.3.1/../../../arm-none-eabi/lib/thumb/v7e-m+dp/hard/libc_nano.a(lib_a-errno.o)
 .debug_line    0x000000000000172b       0xe4 /usr/lib/gcc/arm-none-eabi/10.3.1/../../../arm-none-eabi/lib/thumb/v7e-m+dp/hard/libc_nano.a(lib_a-impure.o)
 .debug_line    0x000000000000180f      0x138 /usr/lib/gcc/arm-none-eabi/10.3.1/../../../arm-none-eabi/lib/thumb/v7e-m+dp/hard/libc_nano.a(lib_a-init.o)

.debug_str      0x0000000000000000    0x14b7d
 .debug_str     0x0000000000000000     0xdcb1 network_data.o
                                       0xdff9 (size before relaxing)
 .debug_str     0x000000000000dcb1       0x85 network_data_params.o
                                       0x756d (size before relaxing)
 .debug_str     0x000000000000dd36       0x65 startup_stm32xx.o
                                         0xab (size before relaxing)
 .debug_str     0x000000000000dd9b     0x5480 network.o
                                      0x13456 (size before relaxing)
 .debug_str     0x000000000001321b     0x137d stedgeai_app_main.o
                                       0xb428 (size before relaxing)
 .debug_str     0x0000000000014598      0x416 /usr/lib/gcc/arm-none-eabi/10.3.1/../../../arm-none-eabi/lib/thumb/v7e-m+dp/hard/libc_nano.a(lib_a-errno.o)
                                        0x50a (size before relaxing)
 .debug_str     0x00000000000149ae       0xdf /usr/lib/gcc/arm-none-eabi/10.3.1/../../../arm-none-eabi/lib/thumb/v7e-m+dp/hard/libc_nano.a(lib_a-impure.o)
                                        0x561 (size before relaxing)
 .debug_str     0x0000000000014a8d       0xf0 /usr/lib/gcc/arm-none-eabi/10.3.1/../../../arm-none-eabi/lib/thumb/v7e-m+dp/hard/libc_nano.a(lib_a-init.o)
                                        0x20e (size before relaxing)

.debug_frame    0x0000000000000000      0x25c
 .debug_frame   0x0000000000000000       0x70 network_data.o
 .debug_frame   0x0000000000000070      0x124 network.o
 .debug_frame   0x0000000000000194       0x7c stedgeai_app_main.o
 .debug_frame   0x0000000000000210       0x20 /usr/lib/gcc/arm-none-eabi/10.3.1/../../../arm-none-eabi/lib/thumb/v7e-m+dp/hard/libc_nano.a(lib_a-errno.o)
 .debug_frame   0x0000000000000230       0x2c /usr/lib/gcc/arm-none-eabi/10.3.1/../../../arm-none-eabi/lib/thumb/v7e-m+dp/hard/libc_nano.a(lib_a-init.o)

Cross Reference Table

Symbol                                            File
BusFault_Handler                                  startup_stm32xx.o
DebugMon_Handler                                  startup_stm32xx.o
Default_Handler                                   startup_stm32xx.o
HardFault_Handler                                 startup_stm32xx.o
MemManage_Handler                                 startup_stm32xx.o
NMI_Handler                                       startup_stm32xx.o
PendSV_Handler                                    startup_stm32xx.o
Reset_Handler                                     startup_stm32xx.o
SVC_Handler                                       startup_stm32xx.o
SysTick_Handler                                   startup_stm32xx.o
SystemInit                                        stedgeai_app_main.o
                                                  startup_stm32xx.o
UsageFault_Handler                                startup_stm32xx.o
_ITM_deregisterTMCloneTable                       /usr/lib/gcc/arm-none-eabi/10.3.1/thumb/v7e-m+dp/hard/crtbegin.o
_ITM_registerTMCloneTable                         /usr/lib/gcc/arm-none-eabi/10.3.1/thumb/v7e-m+dp/hard/crtbegin.o
_Min_Stack_Size                                   sysmem.o
__TMC_END__                                       /usr/lib/gcc/arm-none-eabi/10.3.1/thumb/v7e-m+dp/hard/crtend.o
                                                  /usr/lib/gcc/arm-none-eabi/10.3.1/thumb/v7e-m+dp/hard/crtbegin.o
__adddf3                                          /usr/lib/gcc/arm-none-eabi/10.3.1/thumb/v7e-m+dp/hard/libgcc.a(_arm_addsubdf3.o)
__aeabi_dadd                                      /usr/lib/gcc/arm-none-eabi/10.3.1/thumb/v7e-m+dp/hard/libgcc.a(_arm_addsubdf3.o)
__aeabi_drsub                                     /usr/lib/gcc/arm-none-eabi/10.3.1/thumb/v7e-m+dp/hard/libgcc.a(_arm_addsubdf3.o)
__aeabi_dsub                                      /usr/lib/gcc/arm-none-eabi/10.3.1/thumb/v7e-m+dp/hard/libgcc.a(_arm_addsubdf3.o)
__aeabi_f2d                                       /usr/lib/gcc/arm-none-eabi/10.3.1/thumb/v7e-m+dp/hard/libgcc.a(_arm_addsubdf3.o)
__aeabi_f2lz                                      /usr/lib/gcc/arm-none-eabi/10.3.1/thumb/v7e-m+dp/hard/libgcc.a(_fixsfdi.o)
                                                  /home/lotfikh/x_cube/Middlewares/ST/AI/Lib/GCC/STM32H7/NetworkRuntime1020_CM7_GCC.a(st_align_factor.o)
__aeabi_f2ulz                                     /usr/lib/gcc/arm-none-eabi/10.3.1/thumb/v7e-m+dp/hard/libgcc.a(_fixunssfdi.o)
                                                  /usr/lib/gcc/arm-none-eabi/10.3.1/thumb/v7e-m+dp/hard/libgcc.a(_fixsfdi.o)
__aeabi_i2d                                       /usr/lib/gcc/arm-none-eabi/10.3.1/thumb/v7e-m+dp/hard/libgcc.a(_arm_addsubdf3.o)
__aeabi_l2d                                       /usr/lib/gcc/arm-none-eabi/10.3.1/thumb/v7e-m+dp/hard/libgcc.a(_arm_addsubdf3.o)
                                                  /usr/lib/gcc/arm-none-eabi/10.3.1/../../../arm-none-eabi/lib/thumb/v7e-m+dp/hard/libm.a(lib_a-sinf.o)
                                                  /usr/lib/gcc/arm-none-eabi/10.3.1/../../../arm-none-eabi/lib/thumb/v7e-m+dp/hard/libm.a(lib_a-cosf.o)
__aeabi_ui2d                                      /usr/lib/gcc/arm-none-eabi/10.3.1/thumb/v7e-m+dp/hard/libgcc.a(_arm_addsubdf3.o)
__aeabi_ul2d                                      /usr/lib/gcc/arm-none-eabi/10.3.1/thumb/v7e-m+dp/hard/libgcc.a(_arm_addsubdf3.o)
__atexit_dummy                                    /usr/lib/gcc/arm-none-eabi/10.3.1/../../../arm-none-eabi/lib/thumb/v7e-m+dp/hard/libc_nano.a(lib_a-__atexit.o)
__bss_end__                                       /usr/lib/gcc/arm-none-eabi/10.3.1/../../../arm-none-eabi/lib/thumb/v7e-m+dp/hard/crt0.o
__bss_start__                                     /usr/lib/gcc/arm-none-eabi/10.3.1/../../../arm-none-eabi/lib/thumb/v7e-m+dp/hard/crt0.o
__call_exitprocs                                  /usr/lib/gcc/arm-none-eabi/10.3.1/../../../arm-none-eabi/lib/thumb/v7e-m+dp/hard/libc_nano.a(lib_a-__call_atexit.o)
                                                  /usr/lib/gcc/arm-none-eabi/10.3.1/../../../arm-none-eabi/lib/thumb/v7e-m+dp/hard/libc_nano.a(lib_a-__atexit.o)
                                                  /usr/lib/gcc/arm-none-eabi/10.3.1/../../../arm-none-eabi/lib/thumb/v7e-m+dp/hard/libc_nano.a(lib_a-exit.o)
__deregister_frame_info                           /usr/lib/gcc/arm-none-eabi/10.3.1/thumb/v7e-m+dp/hard/crtbegin.o
__dso_handle                                      /usr/lib/gcc/arm-none-eabi/10.3.1/thumb/v7e-m+dp/hard/crtbegin.o
__env                                             syscalls.o
__errno                                           /usr/lib/gcc/arm-none-eabi/10.3.1/../../../arm-none-eabi/lib/thumb/v7e-m+dp/hard/libc_nano.a(lib_a-errno.o)
                                                  /usr/lib/gcc/arm-none-eabi/10.3.1/../../../arm-none-eabi/lib/thumb/v7e-m+dp/hard/libm.a(lib_a-wf_sinh.o)
                                                  /usr/lib/gcc/arm-none-eabi/10.3.1/../../../arm-none-eabi/lib/thumb/v7e-m+dp/hard/libm.a(lib_a-wf_fmod.o)
                                                  /usr/lib/gcc/arm-none-eabi/10.3.1/../../../arm-none-eabi/lib/thumb/v7e-m+dp/hard/libm.a(lib_a-wf_cosh.o)
                                                  /usr/lib/gcc/arm-none-eabi/10.3.1/../../../arm-none-eabi/lib/thumb/v7e-m+dp/hard/libm.a(lib_a-wf_atanh.o)
                                                  /usr/lib/gcc/arm-none-eabi/10.3.1/../../../arm-none-eabi/lib/thumb/v7e-m+dp/hard/libm.a(lib_a-wf_asin.o)
                                                  /usr/lib/gcc/arm-none-eabi/10.3.1/../../../arm-none-eabi/lib/thumb/v7e-m+dp/hard/libm.a(lib_a-wf_acosh.o)
                                                  /usr/lib/gcc/arm-none-eabi/10.3.1/../../../arm-none-eabi/lib/thumb/v7e-m+dp/hard/libm.a(lib_a-wf_acos.o)
                                                  /usr/lib/gcc/arm-none-eabi/10.3.1/../../../arm-none-eabi/lib/thumb/v7e-m+dp/hard/libm.a(lib_a-math_errf.o)
                                                  sysmem.o
                                                  syscalls.o
__exp2f_data                                      /usr/lib/gcc/arm-none-eabi/10.3.1/../../../arm-none-eabi/lib/thumb/v7e-m+dp/hard/libm.a(lib_a-sf_exp2_data.o)
                                                  /usr/lib/gcc/arm-none-eabi/10.3.1/../../../arm-none-eabi/lib/thumb/v7e-m+dp/hard/libm.a(lib_a-sf_pow.o)
                                                  /usr/lib/gcc/arm-none-eabi/10.3.1/../../../arm-none-eabi/lib/thumb/v7e-m+dp/hard/libm.a(lib_a-sf_exp.o)
__extendsfdf2                                     /usr/lib/gcc/arm-none-eabi/10.3.1/thumb/v7e-m+dp/hard/libgcc.a(_arm_addsubdf3.o)
__fdlib_version                                   /usr/lib/gcc/arm-none-eabi/10.3.1/../../../arm-none-eabi/lib/thumb/v7e-m+dp/hard/libm.a(lib_a-s_lib_ver.o)
                                                  /usr/lib/gcc/arm-none-eabi/10.3.1/../../../arm-none-eabi/lib/thumb/v7e-m+dp/hard/libm.a(lib_a-wf_sinh.o)
                                                  /usr/lib/gcc/arm-none-eabi/10.3.1/../../../arm-none-eabi/lib/thumb/v7e-m+dp/hard/libm.a(lib_a-wf_fmod.o)
                                                  /usr/lib/gcc/arm-none-eabi/10.3.1/../../../arm-none-eabi/lib/thumb/v7e-m+dp/hard/libm.a(lib_a-wf_cosh.o)
                                                  /usr/lib/gcc/arm-none-eabi/10.3.1/../../../arm-none-eabi/lib/thumb/v7e-m+dp/hard/libm.a(lib_a-wf_atanh.o)
                                                  /usr/lib/gcc/arm-none-eabi/10.3.1/../../../arm-none-eabi/lib/thumb/v7e-m+dp/hard/libm.a(lib_a-wf_asin.o)
                                                  /usr/lib/gcc/arm-none-eabi/10.3.1/../../../arm-none-eabi/lib/thumb/v7e-m+dp/hard/libm.a(lib_a-wf_acosh.o)
                                                  /usr/lib/gcc/arm-none-eabi/10.3.1/../../../arm-none-eabi/lib/thumb/v7e-m+dp/hard/libm.a(lib_a-wf_acos.o)
__fini_array_end                                  /usr/lib/gcc/arm-none-eabi/10.3.1/../../../arm-none-eabi/lib/thumb/v7e-m+dp/hard/libc_nano.a(lib_a-fini.o)
__fini_array_start                                /usr/lib/gcc/arm-none-eabi/10.3.1/../../../arm-none-eabi/lib/thumb/v7e-m+dp/hard/libc_nano.a(lib_a-fini.o)
__fixsfdi                                         /usr/lib/gcc/arm-none-eabi/10.3.1/thumb/v7e-m+dp/hard/libgcc.a(_fixsfdi.o)
__fixunssfdi                                      /usr/lib/gcc/arm-none-eabi/10.3.1/thumb/v7e-m+dp/hard/libgcc.a(_fixunssfdi.o)
__floatdidf                                       /usr/lib/gcc/arm-none-eabi/10.3.1/thumb/v7e-m+dp/hard/libgcc.a(_arm_addsubdf3.o)
__floatsidf                                       /usr/lib/gcc/arm-none-eabi/10.3.1/thumb/v7e-m+dp/hard/libgcc.a(_arm_addsubdf3.o)
__floatundidf                                     /usr/lib/gcc/arm-none-eabi/10.3.1/thumb/v7e-m+dp/hard/libgcc.a(_arm_addsubdf3.o)
__floatunsidf                                     /usr/lib/gcc/arm-none-eabi/10.3.1/thumb/v7e-m+dp/hard/libgcc.a(_arm_addsubdf3.o)
__ieee754_acosf                                   /usr/lib/gcc/arm-none-eabi/10.3.1/../../../arm-none-eabi/lib/thumb/v7e-m+dp/hard/libm.a(lib_a-ef_acos.o)
                                                  /usr/lib/gcc/arm-none-eabi/10.3.1/../../../arm-none-eabi/lib/thumb/v7e-m+dp/hard/libm.a(lib_a-wf_acos.o)
__ieee754_acoshf                                  /usr/lib/gcc/arm-none-eabi/10.3.1/../../../arm-none-eabi/lib/thumb/v7e-m+dp/hard/libm.a(lib_a-ef_acosh.o)
                                                  /usr/lib/gcc/arm-none-eabi/10.3.1/../../../arm-none-eabi/lib/thumb/v7e-m+dp/hard/libm.a(lib_a-wf_acosh.o)
__ieee754_asinf                                   /usr/lib/gcc/arm-none-eabi/10.3.1/../../../arm-none-eabi/lib/thumb/v7e-m+dp/hard/libm.a(lib_a-ef_asin.o)
                                                  /usr/lib/gcc/arm-none-eabi/10.3.1/../../../arm-none-eabi/lib/thumb/v7e-m+dp/hard/libm.a(lib_a-wf_asin.o)
__ieee754_atanhf                                  /usr/lib/gcc/arm-none-eabi/10.3.1/../../../arm-none-eabi/lib/thumb/v7e-m+dp/hard/libm.a(lib_a-ef_atanh.o)
                                                  /usr/lib/gcc/arm-none-eabi/10.3.1/../../../arm-none-eabi/lib/thumb/v7e-m+dp/hard/libm.a(lib_a-wf_atanh.o)
__ieee754_coshf                                   /usr/lib/gcc/arm-none-eabi/10.3.1/../../../arm-none-eabi/lib/thumb/v7e-m+dp/hard/libm.a(lib_a-ef_cosh.o)
                                                  /usr/lib/gcc/arm-none-eabi/10.3.1/../../../arm-none-eabi/lib/thumb/v7e-m+dp/hard/libm.a(lib_a-wf_cosh.o)
__ieee754_fmodf                                   /usr/lib/gcc/arm-none-eabi/10.3.1/../../../arm-none-eabi/lib/thumb/v7e-m+dp/hard/libm.a(lib_a-ef_fmod.o)
                                                  /usr/lib/gcc/arm-none-eabi/10.3.1/../../../arm-none-eabi/lib/thumb/v7e-m+dp/hard/libm.a(lib_a-wf_fmod.o)
__ieee754_rem_pio2f                               /usr/lib/gcc/arm-none-eabi/10.3.1/../../../arm-none-eabi/lib/thumb/v7e-m+dp/hard/libm.a(lib_a-ef_rem_pio2.o)
                                                  /usr/lib/gcc/arm-none-eabi/10.3.1/../../../arm-none-eabi/lib/thumb/v7e-m+dp/hard/libm.a(lib_a-sf_tan.o)
__ieee754_sinhf                                   /usr/lib/gcc/arm-none-eabi/10.3.1/../../../arm-none-eabi/lib/thumb/v7e-m+dp/hard/libm.a(lib_a-ef_sinh.o)
                                                  /usr/lib/gcc/arm-none-eabi/10.3.1/../../../arm-none-eabi/lib/thumb/v7e-m+dp/hard/libm.a(lib_a-wf_sinh.o)
__ieee754_sqrtf                                   /usr/lib/gcc/arm-none-eabi/10.3.1/../../../arm-none-eabi/lib/thumb/v7e-m+dp/hard/libm.a(lib_a-ef_sqrt.o)
                                                  /usr/lib/gcc/arm-none-eabi/10.3.1/../../../arm-none-eabi/lib/thumb/v7e-m+dp/hard/libm.a(lib_a-ef_asin.o)
                                                  /usr/lib/gcc/arm-none-eabi/10.3.1/../../../arm-none-eabi/lib/thumb/v7e-m+dp/hard/libm.a(lib_a-ef_acosh.o)
                                                  /usr/lib/gcc/arm-none-eabi/10.3.1/../../../arm-none-eabi/lib/thumb/v7e-m+dp/hard/libm.a(lib_a-ef_acos.o)
                                                  /usr/lib/gcc/arm-none-eabi/10.3.1/../../../arm-none-eabi/lib/thumb/v7e-m+dp/hard/libm.a(lib_a-sf_asinh.o)
__init_array_end                                  /usr/lib/gcc/arm-none-eabi/10.3.1/../../../arm-none-eabi/lib/thumb/v7e-m+dp/hard/libc_nano.a(lib_a-init.o)
__init_array_start                                /usr/lib/gcc/arm-none-eabi/10.3.1/../../../arm-none-eabi/lib/thumb/v7e-m+dp/hard/libc_nano.a(lib_a-init.o)
__inv_pio4                                        /usr/lib/gcc/arm-none-eabi/10.3.1/../../../arm-none-eabi/lib/thumb/v7e-m+dp/hard/libm.a(lib_a-sincosf_data.o)
                                                  /usr/lib/gcc/arm-none-eabi/10.3.1/../../../arm-none-eabi/lib/thumb/v7e-m+dp/hard/libm.a(lib_a-sinf.o)
                                                  /usr/lib/gcc/arm-none-eabi/10.3.1/../../../arm-none-eabi/lib/thumb/v7e-m+dp/hard/libm.a(lib_a-cosf.o)
__io_getchar                                      syscalls.o
__io_putchar                                      syscalls.o
__kernel_rem_pio2f                                /usr/lib/gcc/arm-none-eabi/10.3.1/../../../arm-none-eabi/lib/thumb/v7e-m+dp/hard/libm.a(lib_a-kf_rem_pio2.o)
                                                  /usr/lib/gcc/arm-none-eabi/10.3.1/../../../arm-none-eabi/lib/thumb/v7e-m+dp/hard/libm.a(lib_a-ef_rem_pio2.o)
__kernel_tanf                                     /usr/lib/gcc/arm-none-eabi/10.3.1/../../../arm-none-eabi/lib/thumb/v7e-m+dp/hard/libm.a(lib_a-kf_tan.o)
                                                  /usr/lib/gcc/arm-none-eabi/10.3.1/../../../arm-none-eabi/lib/thumb/v7e-m+dp/hard/libm.a(lib_a-sf_tan.o)
__libc_fini_array                                 /usr/lib/gcc/arm-none-eabi/10.3.1/../../../arm-none-eabi/lib/thumb/v7e-m+dp/hard/libc_nano.a(lib_a-fini.o)
                                                  /usr/lib/gcc/arm-none-eabi/10.3.1/../../../arm-none-eabi/lib/thumb/v7e-m+dp/hard/crt0.o
__libc_init_array                                 /usr/lib/gcc/arm-none-eabi/10.3.1/../../../arm-none-eabi/lib/thumb/v7e-m+dp/hard/libc_nano.a(lib_a-init.o)
                                                  startup_stm32xx.o
                                                  /usr/lib/gcc/arm-none-eabi/10.3.1/../../../arm-none-eabi/lib/thumb/v7e-m+dp/hard/crt0.o
__logf_data                                       /usr/lib/gcc/arm-none-eabi/10.3.1/../../../arm-none-eabi/lib/thumb/v7e-m+dp/hard/libm.a(lib_a-sf_log_data.o)
                                                  /usr/lib/gcc/arm-none-eabi/10.3.1/../../../arm-none-eabi/lib/thumb/v7e-m+dp/hard/libm.a(lib_a-sf_log.o)
__malloc_free_list                                /usr/lib/gcc/arm-none-eabi/10.3.1/../../../arm-none-eabi/lib/thumb/v7e-m+dp/hard/libc_nano.a(lib_a-nano-mallocr.o)
                                                  /usr/lib/gcc/arm-none-eabi/10.3.1/../../../arm-none-eabi/lib/thumb/v7e-m+dp/hard/libc_nano.a(lib_a-nano-freer.o)
__malloc_lock                                     /usr/lib/gcc/arm-none-eabi/10.3.1/../../../arm-none-eabi/lib/thumb/v7e-m+dp/hard/libc_nano.a(lib_a-mlock.o)
                                                  /usr/lib/gcc/arm-none-eabi/10.3.1/../../../arm-none-eabi/lib/thumb/v7e-m+dp/hard/libc_nano.a(lib_a-nano-mallocr.o)
                                                  /usr/lib/gcc/arm-none-eabi/10.3.1/../../../arm-none-eabi/lib/thumb/v7e-m+dp/hard/libc_nano.a(lib_a-nano-freer.o)
__malloc_sbrk_start                               /usr/lib/gcc/arm-none-eabi/10.3.1/../../../arm-none-eabi/lib/thumb/v7e-m+dp/hard/libc_nano.a(lib_a-nano-mallocr.o)
__malloc_unlock                                   /usr/lib/gcc/arm-none-eabi/10.3.1/../../../arm-none-eabi/lib/thumb/v7e-m+dp/hard/libc_nano.a(lib_a-mlock.o)
                                                  /usr/lib/gcc/arm-none-eabi/10.3.1/../../../arm-none-eabi/lib/thumb/v7e-m+dp/hard/libc_nano.a(lib_a-nano-mallocr.o)
                                                  /usr/lib/gcc/arm-none-eabi/10.3.1/../../../arm-none-eabi/lib/thumb/v7e-m+dp/hard/libc_nano.a(lib_a-nano-freer.o)
__math_divzerof                                   /usr/lib/gcc/arm-none-eabi/10.3.1/../../../arm-none-eabi/lib/thumb/v7e-m+dp/hard/libm.a(lib_a-math_errf.o)
                                                  /usr/lib/gcc/arm-none-eabi/10.3.1/../../../arm-none-eabi/lib/thumb/v7e-m+dp/hard/libm.a(lib_a-sf_pow.o)
                                                  /usr/lib/gcc/arm-none-eabi/10.3.1/../../../arm-none-eabi/lib/thumb/v7e-m+dp/hard/libm.a(lib_a-sf_log1p.o)
                                                  /usr/lib/gcc/arm-none-eabi/10.3.1/../../../arm-none-eabi/lib/thumb/v7e-m+dp/hard/libm.a(lib_a-sf_log.o)
__math_invalidf                                   /usr/lib/gcc/arm-none-eabi/10.3.1/../../../arm-none-eabi/lib/thumb/v7e-m+dp/hard/libm.a(lib_a-math_errf.o)
                                                  /usr/lib/gcc/arm-none-eabi/10.3.1/../../../arm-none-eabi/lib/thumb/v7e-m+dp/hard/libm.a(lib_a-sinf.o)
                                                  /usr/lib/gcc/arm-none-eabi/10.3.1/../../../arm-none-eabi/lib/thumb/v7e-m+dp/hard/libm.a(lib_a-sf_pow.o)
                                                  /usr/lib/gcc/arm-none-eabi/10.3.1/../../../arm-none-eabi/lib/thumb/v7e-m+dp/hard/libm.a(lib_a-sf_log1p.o)
                                                  /usr/lib/gcc/arm-none-eabi/10.3.1/../../../arm-none-eabi/lib/thumb/v7e-m+dp/hard/libm.a(lib_a-sf_log.o)
                                                  /usr/lib/gcc/arm-none-eabi/10.3.1/../../../arm-none-eabi/lib/thumb/v7e-m+dp/hard/libm.a(lib_a-cosf.o)
__math_may_uflowf                                 /usr/lib/gcc/arm-none-eabi/10.3.1/../../../arm-none-eabi/lib/thumb/v7e-m+dp/hard/libm.a(lib_a-math_errf.o)
                                                  /usr/lib/gcc/arm-none-eabi/10.3.1/../../../arm-none-eabi/lib/thumb/v7e-m+dp/hard/libm.a(lib_a-sf_pow.o)
                                                  /usr/lib/gcc/arm-none-eabi/10.3.1/../../../arm-none-eabi/lib/thumb/v7e-m+dp/hard/libm.a(lib_a-sf_exp.o)
__math_oflowf                                     /usr/lib/gcc/arm-none-eabi/10.3.1/../../../arm-none-eabi/lib/thumb/v7e-m+dp/hard/libm.a(lib_a-math_errf.o)
                                                  /usr/lib/gcc/arm-none-eabi/10.3.1/../../../arm-none-eabi/lib/thumb/v7e-m+dp/hard/libm.a(lib_a-sf_expm1.o)
                                                  /usr/lib/gcc/arm-none-eabi/10.3.1/../../../arm-none-eabi/lib/thumb/v7e-m+dp/hard/libm.a(lib_a-sf_pow.o)
                                                  /usr/lib/gcc/arm-none-eabi/10.3.1/../../../arm-none-eabi/lib/thumb/v7e-m+dp/hard/libm.a(lib_a-sf_exp.o)
__math_uflowf                                     /usr/lib/gcc/arm-none-eabi/10.3.1/../../../arm-none-eabi/lib/thumb/v7e-m+dp/hard/libm.a(lib_a-math_errf.o)
                                                  /usr/lib/gcc/arm-none-eabi/10.3.1/../../../arm-none-eabi/lib/thumb/v7e-m+dp/hard/libm.a(lib_a-sf_pow.o)
                                                  /usr/lib/gcc/arm-none-eabi/10.3.1/../../../arm-none-eabi/lib/thumb/v7e-m+dp/hard/libm.a(lib_a-sf_exp.o)
__on_exit_args                                    /usr/lib/gcc/arm-none-eabi/10.3.1/../../../arm-none-eabi/lib/thumb/v7e-m+dp/hard/libc_nano.a(lib_a-__atexit.o)
__powf_log2_data                                  /usr/lib/gcc/arm-none-eabi/10.3.1/../../../arm-none-eabi/lib/thumb/v7e-m+dp/hard/libm.a(lib_a-sf_pow_log2_data.o)
                                                  /usr/lib/gcc/arm-none-eabi/10.3.1/../../../arm-none-eabi/lib/thumb/v7e-m+dp/hard/libm.a(lib_a-sf_pow.o)
__preinit_array_end                               /usr/lib/gcc/arm-none-eabi/10.3.1/../../../arm-none-eabi/lib/thumb/v7e-m+dp/hard/libc_nano.a(lib_a-init.o)
__preinit_array_start                             /usr/lib/gcc/arm-none-eabi/10.3.1/../../../arm-none-eabi/lib/thumb/v7e-m+dp/hard/libc_nano.a(lib_a-init.o)
__register_exitproc                               /usr/lib/gcc/arm-none-eabi/10.3.1/../../../arm-none-eabi/lib/thumb/v7e-m+dp/hard/libc_nano.a(lib_a-__atexit.o)
                                                  /usr/lib/gcc/arm-none-eabi/10.3.1/../../../arm-none-eabi/lib/thumb/v7e-m+dp/hard/libc_nano.a(lib_a-atexit.o)
__register_frame_info                             /usr/lib/gcc/arm-none-eabi/10.3.1/thumb/v7e-m+dp/hard/crtbegin.o
__sf_fake_stderr                                  /usr/lib/gcc/arm-none-eabi/10.3.1/../../../arm-none-eabi/lib/thumb/v7e-m+dp/hard/libc_nano.a(lib_a-impure.o)
__sf_fake_stdin                                   /usr/lib/gcc/arm-none-eabi/10.3.1/../../../arm-none-eabi/lib/thumb/v7e-m+dp/hard/libc_nano.a(lib_a-impure.o)
__sf_fake_stdout                                  /usr/lib/gcc/arm-none-eabi/10.3.1/../../../arm-none-eabi/lib/thumb/v7e-m+dp/hard/libc_nano.a(lib_a-impure.o)
__sincosf_table                                   /usr/lib/gcc/arm-none-eabi/10.3.1/../../../arm-none-eabi/lib/thumb/v7e-m+dp/hard/libm.a(lib_a-sincosf_data.o)
                                                  /usr/lib/gcc/arm-none-eabi/10.3.1/../../../arm-none-eabi/lib/thumb/v7e-m+dp/hard/libm.a(lib_a-sinf.o)
                                                  /usr/lib/gcc/arm-none-eabi/10.3.1/../../../arm-none-eabi/lib/thumb/v7e-m+dp/hard/libm.a(lib_a-cosf.o)
__stack                                           /usr/lib/gcc/arm-none-eabi/10.3.1/../../../arm-none-eabi/lib/thumb/v7e-m+dp/hard/crt0.o
__subdf3                                          /usr/lib/gcc/arm-none-eabi/10.3.1/thumb/v7e-m+dp/hard/libgcc.a(_arm_addsubdf3.o)
_close                                            syscalls.o
_ebss                                             startup_stm32xx.o
_edata                                            startup_stm32xx.o
_end                                              sysmem.o
_estack                                           sysmem.o
                                                  startup_stm32xx.o
_execve                                           syscalls.o
_exit                                             syscalls.o
                                                  /usr/lib/gcc/arm-none-eabi/10.3.1/../../../arm-none-eabi/lib/thumb/v7e-m+dp/hard/libc_nano.a(lib_a-exit.o)
_fini                                             /usr/lib/gcc/arm-none-eabi/10.3.1/thumb/v7e-m+dp/hard/crti.o
                                                  /usr/lib/gcc/arm-none-eabi/10.3.1/../../../arm-none-eabi/lib/thumb/v7e-m+dp/hard/libc_nano.a(lib_a-fini.o)
_fork                                             syscalls.o
_free_r                                           /usr/lib/gcc/arm-none-eabi/10.3.1/../../../arm-none-eabi/lib/thumb/v7e-m+dp/hard/libc_nano.a(lib_a-nano-freer.o)
                                                  /usr/lib/gcc/arm-none-eabi/10.3.1/../../../arm-none-eabi/lib/thumb/v7e-m+dp/hard/libc_nano.a(lib_a-reent.o)
                                                  /usr/lib/gcc/arm-none-eabi/10.3.1/../../../arm-none-eabi/lib/thumb/v7e-m+dp/hard/libc_nano.a(lib_a-nano-reallocr.o)
                                                  /usr/lib/gcc/arm-none-eabi/10.3.1/../../../arm-none-eabi/lib/thumb/v7e-m+dp/hard/libc_nano.a(lib_a-malloc.o)
_fstat                                            syscalls.o
_getpid                                           syscalls.o
_global_atexit                                    /usr/lib/gcc/arm-none-eabi/10.3.1/../../../arm-none-eabi/lib/thumb/v7e-m+dp/hard/libc_nano.a(lib_a-__call_atexit.o)
                                                  /usr/lib/gcc/arm-none-eabi/10.3.1/../../../arm-none-eabi/lib/thumb/v7e-m+dp/hard/libc_nano.a(lib_a-__atexit.o)
_global_impure_ptr                                /usr/lib/gcc/arm-none-eabi/10.3.1/../../../arm-none-eabi/lib/thumb/v7e-m+dp/hard/libc_nano.a(lib_a-impure.o)
                                                  /usr/lib/gcc/arm-none-eabi/10.3.1/../../../arm-none-eabi/lib/thumb/v7e-m+dp/hard/libc_nano.a(lib_a-exit.o)
_impure_ptr                                       /usr/lib/gcc/arm-none-eabi/10.3.1/../../../arm-none-eabi/lib/thumb/v7e-m+dp/hard/libc_nano.a(lib_a-impure.o)
                                                  /usr/lib/gcc/arm-none-eabi/10.3.1/../../../arm-none-eabi/lib/thumb/v7e-m+dp/hard/libc_nano.a(lib_a-reent.o)
                                                  /usr/lib/gcc/arm-none-eabi/10.3.1/../../../arm-none-eabi/lib/thumb/v7e-m+dp/hard/libc_nano.a(lib_a-realloc.o)
                                                  /usr/lib/gcc/arm-none-eabi/10.3.1/../../../arm-none-eabi/lib/thumb/v7e-m+dp/hard/libc_nano.a(lib_a-malloc.o)
                                                  /usr/lib/gcc/arm-none-eabi/10.3.1/../../../arm-none-eabi/lib/thumb/v7e-m+dp/hard/libc_nano.a(lib_a-errno.o)
_init                                             /usr/lib/gcc/arm-none-eabi/10.3.1/thumb/v7e-m+dp/hard/crti.o
                                                  /usr/lib/gcc/arm-none-eabi/10.3.1/../../../arm-none-eabi/lib/thumb/v7e-m+dp/hard/libc_nano.a(lib_a-init.o)
_isatty                                           syscalls.o
_kill                                             syscalls.o
_layer_get_scratch_size                           /home/lotfikh/x_cube/Middlewares/ST/AI/Lib/GCC/STM32H7/NetworkRuntime1020_CM7_GCC.a(layers.o)
_link                                             syscalls.o
_lseek                                            syscalls.o
_mainCRTStartup                                   /usr/lib/gcc/arm-none-eabi/10.3.1/../../../arm-none-eabi/lib/thumb/v7e-m+dp/hard/crt0.o
_malloc_r                                         /usr/lib/gcc/arm-none-eabi/10.3.1/../../../arm-none-eabi/lib/thumb/v7e-m+dp/hard/libc_nano.a(lib_a-nano-mallocr.o)
                                                  /usr/lib/gcc/arm-none-eabi/10.3.1/../../../arm-none-eabi/lib/thumb/v7e-m+dp/hard/libc_nano.a(lib_a-nano-reallocr.o)
                                                  /usr/lib/gcc/arm-none-eabi/10.3.1/../../../arm-none-eabi/lib/thumb/v7e-m+dp/hard/libc_nano.a(lib_a-malloc.o)
_malloc_usable_size_r                             /usr/lib/gcc/arm-none-eabi/10.3.1/../../../arm-none-eabi/lib/thumb/v7e-m+dp/hard/libc_nano.a(lib_a-nano-msizer.o)
                                                  /usr/lib/gcc/arm-none-eabi/10.3.1/../../../arm-none-eabi/lib/thumb/v7e-m+dp/hard/libc_nano.a(lib_a-nano-reallocr.o)
_open                                             syscalls.o
_read                                             syscalls.o
_realloc_r                                        /usr/lib/gcc/arm-none-eabi/10.3.1/../../../arm-none-eabi/lib/thumb/v7e-m+dp/hard/libc_nano.a(lib_a-nano-reallocr.o)
                                                  /usr/lib/gcc/arm-none-eabi/10.3.1/../../../arm-none-eabi/lib/thumb/v7e-m+dp/hard/libc_nano.a(lib_a-realloc.o)
_reclaim_reent                                    /usr/lib/gcc/arm-none-eabi/10.3.1/../../../arm-none-eabi/lib/thumb/v7e-m+dp/hard/libc_nano.a(lib_a-reent.o)
_sbrk                                             sysmem.o
                                                  /usr/lib/gcc/arm-none-eabi/10.3.1/../../../arm-none-eabi/lib/thumb/v7e-m+dp/hard/libc_nano.a(lib_a-sbrkr.o)
_sbrk_r                                           /usr/lib/gcc/arm-none-eabi/10.3.1/../../../arm-none-eabi/lib/thumb/v7e-m+dp/hard/libc_nano.a(lib_a-sbrkr.o)
                                                  /usr/lib/gcc/arm-none-eabi/10.3.1/../../../arm-none-eabi/lib/thumb/v7e-m+dp/hard/libc_nano.a(lib_a-nano-mallocr.o)
_sbss                                             startup_stm32xx.o
_sdata                                            startup_stm32xx.o
_sidata                                           startup_stm32xx.o
_stack_init                                       /usr/lib/gcc/arm-none-eabi/10.3.1/../../../arm-none-eabi/lib/thumb/v7e-m+dp/hard/crt0.o
_start                                            /usr/lib/gcc/arm-none-eabi/10.3.1/../../../arm-none-eabi/lib/thumb/v7e-m+dp/hard/crt0.o
_stat                                             syscalls.o
_times                                            syscalls.o
_unlink                                           syscalls.o
_wait                                             syscalls.o
_write                                            syscalls.o
acosf                                             /usr/lib/gcc/arm-none-eabi/10.3.1/../../../arm-none-eabi/lib/thumb/v7e-m+dp/hard/libm.a(lib_a-wf_acos.o)
                                                  /home/lotfikh/x_cube/Middlewares/ST/AI/Lib/GCC/STM32H7/NetworkRuntime1020_CM7_GCC.a(lite_nl_generic_float.o)
                                                  /home/lotfikh/x_cube/Middlewares/ST/AI/Lib/GCC/STM32H7/NetworkRuntime1020_CM7_GCC.a(layers_nl_generic_float.o)
acoshf                                            /usr/lib/gcc/arm-none-eabi/10.3.1/../../../arm-none-eabi/lib/thumb/v7e-m+dp/hard/libm.a(lib_a-wf_acosh.o)
                                                  /home/lotfikh/x_cube/Middlewares/ST/AI/Lib/GCC/STM32H7/NetworkRuntime1020_CM7_GCC.a(lite_nl_generic_float.o)
                                                  /home/lotfikh/x_cube/Middlewares/ST/AI/Lib/GCC/STM32H7/NetworkRuntime1020_CM7_GCC.a(layers_nl_generic_float.o)
aiInit                                            stedgeai_app_main.o
aiRun                                             stedgeai_app_main.o
ai_and                                            /home/lotfikh/x_cube/Middlewares/ST/AI/Lib/GCC/STM32H7/NetworkRuntime1020_CM7_GCC.a(ai_math_helpers.o)
ai_and_buffer                                     /home/lotfikh/x_cube/Middlewares/ST/AI/Lib/GCC/STM32H7/NetworkRuntime1020_CM7_GCC.a(ai_math_helpers.o)
ai_array_fmt_exported                             /home/lotfikh/x_cube/Middlewares/ST/AI/Lib/GCC/STM32H7/NetworkRuntime1020_CM7_GCC.a(ai_datatypes_format.o)
ai_array_fmt_get_formats                          /home/lotfikh/x_cube/Middlewares/ST/AI/Lib/GCC/STM32H7/NetworkRuntime1020_CM7_GCC.a(ai_datatypes_format.o)
ai_array_fmt_name                                 /home/lotfikh/x_cube/Middlewares/ST/AI/Lib/GCC/STM32H7/NetworkRuntime1020_CM7_GCC.a(ai_datatypes_format.o)
ai_array_fmt_valid                                /home/lotfikh/x_cube/Middlewares/ST/AI/Lib/GCC/STM32H7/NetworkRuntime1020_CM7_GCC.a(ai_datatypes_format.o)
ai_array_get_byte_size                            /home/lotfikh/x_cube/Middlewares/ST/AI/Lib/GCC/STM32H7/NetworkRuntime1020_CM7_GCC.a(ai_datatypes_format.o)
                                                  /home/lotfikh/x_cube/Middlewares/ST/AI/Lib/GCC/STM32H7/NetworkRuntime1020_CM7_GCC.a(layers_conv2d_generic_float.o)
ai_array_get_data_byte_size                       /home/lotfikh/x_cube/Middlewares/ST/AI/Lib/GCC/STM32H7/NetworkRuntime1020_CM7_GCC.a(ai_datatypes_format.o)
                                                  /home/lotfikh/x_cube/Middlewares/ST/AI/Lib/GCC/STM32H7/NetworkRuntime1020_CM7_GCC.a(ai_platform_interface.o)
ai_array_get_elems_from_size                      /home/lotfikh/x_cube/Middlewares/ST/AI/Lib/GCC/STM32H7/NetworkRuntime1020_CM7_GCC.a(ai_datatypes_format.o)
ai_array_to_buffer_fmt                            /home/lotfikh/x_cube/Middlewares/ST/AI/Lib/GCC/STM32H7/NetworkRuntime1020_CM7_GCC.a(ai_datatypes_format.o)
                                                  /home/lotfikh/x_cube/Middlewares/ST/AI/Lib/GCC/STM32H7/NetworkRuntime1020_CM7_GCC.a(ai_datatypes_internal.o)
                                                  /home/lotfikh/x_cube/Middlewares/ST/AI/Lib/GCC/STM32H7/NetworkRuntime1020_CM7_GCC.a(ai_platform_interface.o)
ai_atan2                                          /home/lotfikh/x_cube/Middlewares/ST/AI/Lib/GCC/STM32H7/NetworkRuntime1020_CM7_GCC.a(ai_math_helpers.o)
ai_atan2_buffer                                   /home/lotfikh/x_cube/Middlewares/ST/AI/Lib/GCC/STM32H7/NetworkRuntime1020_CM7_GCC.a(ai_math_helpers.o)
ai_bitshift_left                                  /home/lotfikh/x_cube/Middlewares/ST/AI/Lib/GCC/STM32H7/NetworkRuntime1020_CM7_GCC.a(ai_math_helpers.o)
ai_bitshift_left_buffer                           /home/lotfikh/x_cube/Middlewares/ST/AI/Lib/GCC/STM32H7/NetworkRuntime1020_CM7_GCC.a(ai_math_helpers.o)
ai_bitshift_left_buffer_u16                       /home/lotfikh/x_cube/Middlewares/ST/AI/Lib/GCC/STM32H7/NetworkRuntime1020_CM7_GCC.a(ai_math_helpers.o)
ai_bitshift_left_buffer_u32                       /home/lotfikh/x_cube/Middlewares/ST/AI/Lib/GCC/STM32H7/NetworkRuntime1020_CM7_GCC.a(ai_math_helpers.o)
ai_bitshift_left_buffer_u8                        /home/lotfikh/x_cube/Middlewares/ST/AI/Lib/GCC/STM32H7/NetworkRuntime1020_CM7_GCC.a(ai_math_helpers.o)
ai_bitshift_left_u16                              /home/lotfikh/x_cube/Middlewares/ST/AI/Lib/GCC/STM32H7/NetworkRuntime1020_CM7_GCC.a(ai_math_helpers.o)
ai_bitshift_left_u32                              /home/lotfikh/x_cube/Middlewares/ST/AI/Lib/GCC/STM32H7/NetworkRuntime1020_CM7_GCC.a(ai_math_helpers.o)
ai_bitshift_left_u8                               /home/lotfikh/x_cube/Middlewares/ST/AI/Lib/GCC/STM32H7/NetworkRuntime1020_CM7_GCC.a(ai_math_helpers.o)
ai_bitshift_right                                 /home/lotfikh/x_cube/Middlewares/ST/AI/Lib/GCC/STM32H7/NetworkRuntime1020_CM7_GCC.a(ai_math_helpers.o)
ai_bitshift_right_buffer                          /home/lotfikh/x_cube/Middlewares/ST/AI/Lib/GCC/STM32H7/NetworkRuntime1020_CM7_GCC.a(ai_math_helpers.o)
ai_bitshift_right_buffer_u16                      /home/lotfikh/x_cube/Middlewares/ST/AI/Lib/GCC/STM32H7/NetworkRuntime1020_CM7_GCC.a(ai_math_helpers.o)
ai_bitshift_right_buffer_u32                      /home/lotfikh/x_cube/Middlewares/ST/AI/Lib/GCC/STM32H7/NetworkRuntime1020_CM7_GCC.a(ai_math_helpers.o)
ai_bitshift_right_buffer_u8                       /home/lotfikh/x_cube/Middlewares/ST/AI/Lib/GCC/STM32H7/NetworkRuntime1020_CM7_GCC.a(ai_math_helpers.o)
ai_bitshift_right_u16                             /home/lotfikh/x_cube/Middlewares/ST/AI/Lib/GCC/STM32H7/NetworkRuntime1020_CM7_GCC.a(ai_math_helpers.o)
ai_bitshift_right_u32                             /home/lotfikh/x_cube/Middlewares/ST/AI/Lib/GCC/STM32H7/NetworkRuntime1020_CM7_GCC.a(ai_math_helpers.o)
ai_bitshift_right_u8                              /home/lotfikh/x_cube/Middlewares/ST/AI/Lib/GCC/STM32H7/NetworkRuntime1020_CM7_GCC.a(ai_math_helpers.o)
ai_buffer_array_get_byte_size                     /home/lotfikh/x_cube/Middlewares/ST/AI/Lib/GCC/STM32H7/NetworkRuntime1020_CM7_GCC.a(ai_platform.o)
ai_buffer_array_is_empty                          /home/lotfikh/x_cube/Middlewares/ST/AI/Lib/GCC/STM32H7/NetworkRuntime1020_CM7_GCC.a(ai_platform.o)
ai_buffer_array_is_valid                          /home/lotfikh/x_cube/Middlewares/ST/AI/Lib/GCC/STM32H7/NetworkRuntime1020_CM7_GCC.a(ai_platform.o)
ai_buffer_array_item_set_address                  /home/lotfikh/x_cube/Middlewares/ST/AI/Lib/GCC/STM32H7/NetworkRuntime1020_CM7_GCC.a(ai_platform.o)
                                                  network.o
ai_buffer_array_sane                              /home/lotfikh/x_cube/Middlewares/ST/AI/Lib/GCC/STM32H7/NetworkRuntime1020_CM7_GCC.a(ai_platform.o)
                                                  /home/lotfikh/x_cube/Middlewares/ST/AI/Lib/GCC/STM32H7/NetworkRuntime1020_CM7_GCC.a(ai_platform_interface.o)
ai_buffer_fmt_get_formats                         /home/lotfikh/x_cube/Middlewares/ST/AI/Lib/GCC/STM32H7/NetworkRuntime1020_CM7_GCC.a(ai_datatypes_format.o)
ai_buffer_fmt_name                                /home/lotfikh/x_cube/Middlewares/ST/AI/Lib/GCC/STM32H7/NetworkRuntime1020_CM7_GCC.a(ai_datatypes_format.o)
ai_buffer_fmt_valid                               /home/lotfikh/x_cube/Middlewares/ST/AI/Lib/GCC/STM32H7/NetworkRuntime1020_CM7_GCC.a(ai_datatypes_format.o)
ai_buffer_get_byte_size                           /home/lotfikh/x_cube/Middlewares/ST/AI/Lib/GCC/STM32H7/NetworkRuntime1020_CM7_GCC.a(ai_platform.o)
ai_buffer_get_size                                /home/lotfikh/x_cube/Middlewares/ST/AI/Lib/GCC/STM32H7/NetworkRuntime1020_CM7_GCC.a(ai_platform.o)
                                                  /home/lotfikh/x_cube/Middlewares/ST/AI/Lib/GCC/STM32H7/NetworkRuntime1020_CM7_GCC.a(ai_datatypes_internal.o)
                                                  /home/lotfikh/x_cube/Middlewares/ST/AI/Lib/GCC/STM32H7/NetworkRuntime1020_CM7_GCC.a(ai_platform_interface.o)
ai_buffer_to_array_fmt                            /home/lotfikh/x_cube/Middlewares/ST/AI/Lib/GCC/STM32H7/NetworkRuntime1020_CM7_GCC.a(ai_datatypes_format.o)
                                                  /home/lotfikh/x_cube/Middlewares/ST/AI/Lib/GCC/STM32H7/NetworkRuntime1020_CM7_GCC.a(ai_datatypes_internal.o)
ai_check_custom_types                             /home/lotfikh/x_cube/Middlewares/ST/AI/Lib/GCC/STM32H7/NetworkRuntime1020_CM7_GCC.a(layers.o)
                                                  /home/lotfikh/x_cube/Middlewares/ST/AI/Lib/GCC/STM32H7/NetworkRuntime1020_CM7_GCC.a(ai_platform_interface.o)
ai_div                                            /home/lotfikh/x_cube/Middlewares/ST/AI/Lib/GCC/STM32H7/NetworkRuntime1020_CM7_GCC.a(ai_math_helpers.o)
ai_div_buffer                                     /home/lotfikh/x_cube/Middlewares/ST/AI/Lib/GCC/STM32H7/NetworkRuntime1020_CM7_GCC.a(ai_math_helpers.o)
ai_div_buffer_INT8                                /home/lotfikh/x_cube/Middlewares/ST/AI/Lib/GCC/STM32H7/NetworkRuntime1020_CM7_GCC.a(ai_math_helpers.o)
ai_div_buffer_UINT8                               /home/lotfikh/x_cube/Middlewares/ST/AI/Lib/GCC/STM32H7/NetworkRuntime1020_CM7_GCC.a(ai_math_helpers.o)
ai_div_buffer_f32                                 /home/lotfikh/x_cube/Middlewares/ST/AI/Lib/GCC/STM32H7/NetworkRuntime1020_CM7_GCC.a(ai_math_helpers.o)
ai_div_buffer_s16                                 /home/lotfikh/x_cube/Middlewares/ST/AI/Lib/GCC/STM32H7/NetworkRuntime1020_CM7_GCC.a(ai_math_helpers.o)
ai_div_buffer_s32                                 /home/lotfikh/x_cube/Middlewares/ST/AI/Lib/GCC/STM32H7/NetworkRuntime1020_CM7_GCC.a(ai_math_helpers.o)
ai_div_buffer_s8                                  /home/lotfikh/x_cube/Middlewares/ST/AI/Lib/GCC/STM32H7/NetworkRuntime1020_CM7_GCC.a(ai_math_helpers.o)
ai_div_buffer_u16                                 /home/lotfikh/x_cube/Middlewares/ST/AI/Lib/GCC/STM32H7/NetworkRuntime1020_CM7_GCC.a(ai_math_helpers.o)
ai_div_buffer_u32                                 /home/lotfikh/x_cube/Middlewares/ST/AI/Lib/GCC/STM32H7/NetworkRuntime1020_CM7_GCC.a(ai_math_helpers.o)
ai_div_buffer_u8                                  /home/lotfikh/x_cube/Middlewares/ST/AI/Lib/GCC/STM32H7/NetworkRuntime1020_CM7_GCC.a(ai_math_helpers.o)
ai_div_f32                                        /home/lotfikh/x_cube/Middlewares/ST/AI/Lib/GCC/STM32H7/NetworkRuntime1020_CM7_GCC.a(ai_math_helpers.o)
ai_div_s16                                        /home/lotfikh/x_cube/Middlewares/ST/AI/Lib/GCC/STM32H7/NetworkRuntime1020_CM7_GCC.a(ai_math_helpers.o)
ai_div_s32                                        /home/lotfikh/x_cube/Middlewares/ST/AI/Lib/GCC/STM32H7/NetworkRuntime1020_CM7_GCC.a(ai_math_helpers.o)
ai_div_s8                                         /home/lotfikh/x_cube/Middlewares/ST/AI/Lib/GCC/STM32H7/NetworkRuntime1020_CM7_GCC.a(ai_math_helpers.o)
ai_div_u16                                        /home/lotfikh/x_cube/Middlewares/ST/AI/Lib/GCC/STM32H7/NetworkRuntime1020_CM7_GCC.a(ai_math_helpers.o)
ai_div_u32                                        /home/lotfikh/x_cube/Middlewares/ST/AI/Lib/GCC/STM32H7/NetworkRuntime1020_CM7_GCC.a(ai_math_helpers.o)
ai_div_u8                                         /home/lotfikh/x_cube/Middlewares/ST/AI/Lib/GCC/STM32H7/NetworkRuntime1020_CM7_GCC.a(ai_math_helpers.o)
ai_equal                                          /home/lotfikh/x_cube/Middlewares/ST/AI/Lib/GCC/STM32H7/NetworkRuntime1020_CM7_GCC.a(ai_math_helpers.o)
ai_equal_buffer                                   /home/lotfikh/x_cube/Middlewares/ST/AI/Lib/GCC/STM32H7/NetworkRuntime1020_CM7_GCC.a(ai_math_helpers.o)
ai_equal_buffer_f32                               /home/lotfikh/x_cube/Middlewares/ST/AI/Lib/GCC/STM32H7/NetworkRuntime1020_CM7_GCC.a(ai_math_helpers.o)
ai_equal_buffer_s16                               /home/lotfikh/x_cube/Middlewares/ST/AI/Lib/GCC/STM32H7/NetworkRuntime1020_CM7_GCC.a(ai_math_helpers.o)
ai_equal_buffer_s32                               /home/lotfikh/x_cube/Middlewares/ST/AI/Lib/GCC/STM32H7/NetworkRuntime1020_CM7_GCC.a(ai_math_helpers.o)
ai_equal_buffer_s8                                /home/lotfikh/x_cube/Middlewares/ST/AI/Lib/GCC/STM32H7/NetworkRuntime1020_CM7_GCC.a(ai_math_helpers.o)
ai_equal_buffer_u16                               /home/lotfikh/x_cube/Middlewares/ST/AI/Lib/GCC/STM32H7/NetworkRuntime1020_CM7_GCC.a(ai_math_helpers.o)
ai_equal_buffer_u32                               /home/lotfikh/x_cube/Middlewares/ST/AI/Lib/GCC/STM32H7/NetworkRuntime1020_CM7_GCC.a(ai_math_helpers.o)
ai_equal_buffer_u8                                /home/lotfikh/x_cube/Middlewares/ST/AI/Lib/GCC/STM32H7/NetworkRuntime1020_CM7_GCC.a(ai_math_helpers.o)
ai_equal_f32                                      /home/lotfikh/x_cube/Middlewares/ST/AI/Lib/GCC/STM32H7/NetworkRuntime1020_CM7_GCC.a(ai_math_helpers.o)
ai_equal_s16                                      /home/lotfikh/x_cube/Middlewares/ST/AI/Lib/GCC/STM32H7/NetworkRuntime1020_CM7_GCC.a(ai_math_helpers.o)
ai_equal_s32                                      /home/lotfikh/x_cube/Middlewares/ST/AI/Lib/GCC/STM32H7/NetworkRuntime1020_CM7_GCC.a(ai_math_helpers.o)
ai_equal_s8                                       /home/lotfikh/x_cube/Middlewares/ST/AI/Lib/GCC/STM32H7/NetworkRuntime1020_CM7_GCC.a(ai_math_helpers.o)
ai_equal_u16                                      /home/lotfikh/x_cube/Middlewares/ST/AI/Lib/GCC/STM32H7/NetworkRuntime1020_CM7_GCC.a(ai_math_helpers.o)
ai_equal_u32                                      /home/lotfikh/x_cube/Middlewares/ST/AI/Lib/GCC/STM32H7/NetworkRuntime1020_CM7_GCC.a(ai_math_helpers.o)
ai_equal_u8                                       /home/lotfikh/x_cube/Middlewares/ST/AI/Lib/GCC/STM32H7/NetworkRuntime1020_CM7_GCC.a(ai_math_helpers.o)
ai_floor_div                                      /home/lotfikh/x_cube/Middlewares/ST/AI/Lib/GCC/STM32H7/NetworkRuntime1020_CM7_GCC.a(ai_math_helpers.o)
ai_floor_div_buffer                               /home/lotfikh/x_cube/Middlewares/ST/AI/Lib/GCC/STM32H7/NetworkRuntime1020_CM7_GCC.a(ai_math_helpers.o)
ai_floor_mod                                      /home/lotfikh/x_cube/Middlewares/ST/AI/Lib/GCC/STM32H7/NetworkRuntime1020_CM7_GCC.a(ai_math_helpers.o)
ai_floor_mod_buffer                               /home/lotfikh/x_cube/Middlewares/ST/AI/Lib/GCC/STM32H7/NetworkRuntime1020_CM7_GCC.a(ai_math_helpers.o)
ai_from_array_to_buffer                           /home/lotfikh/x_cube/Middlewares/ST/AI/Lib/GCC/STM32H7/NetworkRuntime1020_CM7_GCC.a(ai_datatypes_internal.o)
ai_from_buffer_to_array                           /home/lotfikh/x_cube/Middlewares/ST/AI/Lib/GCC/STM32H7/NetworkRuntime1020_CM7_GCC.a(ai_datatypes_internal.o)
ai_greater                                        /home/lotfikh/x_cube/Middlewares/ST/AI/Lib/GCC/STM32H7/NetworkRuntime1020_CM7_GCC.a(ai_math_helpers.o)
ai_greater_buffer                                 /home/lotfikh/x_cube/Middlewares/ST/AI/Lib/GCC/STM32H7/NetworkRuntime1020_CM7_GCC.a(ai_math_helpers.o)
ai_greater_buffer_f32                             /home/lotfikh/x_cube/Middlewares/ST/AI/Lib/GCC/STM32H7/NetworkRuntime1020_CM7_GCC.a(ai_math_helpers.o)
ai_greater_buffer_s16                             /home/lotfikh/x_cube/Middlewares/ST/AI/Lib/GCC/STM32H7/NetworkRuntime1020_CM7_GCC.a(ai_math_helpers.o)
ai_greater_buffer_s32                             /home/lotfikh/x_cube/Middlewares/ST/AI/Lib/GCC/STM32H7/NetworkRuntime1020_CM7_GCC.a(ai_math_helpers.o)
ai_greater_buffer_s8                              /home/lotfikh/x_cube/Middlewares/ST/AI/Lib/GCC/STM32H7/NetworkRuntime1020_CM7_GCC.a(ai_math_helpers.o)
ai_greater_buffer_u16                             /home/lotfikh/x_cube/Middlewares/ST/AI/Lib/GCC/STM32H7/NetworkRuntime1020_CM7_GCC.a(ai_math_helpers.o)
ai_greater_buffer_u32                             /home/lotfikh/x_cube/Middlewares/ST/AI/Lib/GCC/STM32H7/NetworkRuntime1020_CM7_GCC.a(ai_math_helpers.o)
ai_greater_buffer_u8                              /home/lotfikh/x_cube/Middlewares/ST/AI/Lib/GCC/STM32H7/NetworkRuntime1020_CM7_GCC.a(ai_math_helpers.o)
ai_greater_f32                                    /home/lotfikh/x_cube/Middlewares/ST/AI/Lib/GCC/STM32H7/NetworkRuntime1020_CM7_GCC.a(ai_math_helpers.o)
ai_greater_or_equal                               /home/lotfikh/x_cube/Middlewares/ST/AI/Lib/GCC/STM32H7/NetworkRuntime1020_CM7_GCC.a(ai_math_helpers.o)
ai_greater_or_equal_buffer                        /home/lotfikh/x_cube/Middlewares/ST/AI/Lib/GCC/STM32H7/NetworkRuntime1020_CM7_GCC.a(ai_math_helpers.o)
ai_greater_or_equal_buffer_f32                    /home/lotfikh/x_cube/Middlewares/ST/AI/Lib/GCC/STM32H7/NetworkRuntime1020_CM7_GCC.a(ai_math_helpers.o)
ai_greater_or_equal_buffer_s16                    /home/lotfikh/x_cube/Middlewares/ST/AI/Lib/GCC/STM32H7/NetworkRuntime1020_CM7_GCC.a(ai_math_helpers.o)
ai_greater_or_equal_buffer_s32                    /home/lotfikh/x_cube/Middlewares/ST/AI/Lib/GCC/STM32H7/NetworkRuntime1020_CM7_GCC.a(ai_math_helpers.o)
ai_greater_or_equal_buffer_s8                     /home/lotfikh/x_cube/Middlewares/ST/AI/Lib/GCC/STM32H7/NetworkRuntime1020_CM7_GCC.a(ai_math_helpers.o)
ai_greater_or_equal_buffer_u16                    /home/lotfikh/x_cube/Middlewares/ST/AI/Lib/GCC/STM32H7/NetworkRuntime1020_CM7_GCC.a(ai_math_helpers.o)
ai_greater_or_equal_buffer_u32                    /home/lotfikh/x_cube/Middlewares/ST/AI/Lib/GCC/STM32H7/NetworkRuntime1020_CM7_GCC.a(ai_math_helpers.o)
ai_greater_or_equal_buffer_u8                     /home/lotfikh/x_cube/Middlewares/ST/AI/Lib/GCC/STM32H7/NetworkRuntime1020_CM7_GCC.a(ai_math_helpers.o)
ai_greater_or_equal_f32                           /home/lotfikh/x_cube/Middlewares/ST/AI/Lib/GCC/STM32H7/NetworkRuntime1020_CM7_GCC.a(ai_math_helpers.o)
ai_greater_or_equal_s16                           /home/lotfikh/x_cube/Middlewares/ST/AI/Lib/GCC/STM32H7/NetworkRuntime1020_CM7_GCC.a(ai_math_helpers.o)
ai_greater_or_equal_s32                           /home/lotfikh/x_cube/Middlewares/ST/AI/Lib/GCC/STM32H7/NetworkRuntime1020_CM7_GCC.a(ai_math_helpers.o)